
 Start  Stop   Length Name               Class

 00000H 02519H 0251AH _TEXT              CODE
 0251AH 02713H 001FAH TEST_TEXT          CODE
 02714H 027E9H 000D6H OS_CPU_A_TEXT      CODE
 027EAH 029BFH 001D6H OS_CPU_C_TEXT      CODE
 029C0H 02D3CH 0037DH PC_TEXT            CODE
 02D3DH 06432H 036F6H UCOS_II_TEXT       CODE
 06440H 06440H 00000H _FARDATA           FAR_DATA
 06440H 06440H 00000H _FARBSS            FAR_BSS
 06440H 06440H 00000H _OVERLAY_          OVRINFO
 06440H 06440H 00000H _1STUB_            STUBSEG
 06440H 0710BH 00CCCH _DATA              DATA
 0710CH 0710DH 00002H _CVTSEG            DATA
 0710EH 07113H 00006H _SCNSEG            DATA
 07114H 07114H 00000H _CONST             CONST
 07114H 0711FH 0000CH _INIT_             INITDATA
 07120H 07120H 00000H _INITEND_          INITDATA
 07120H 07120H 00000H _EXIT_             EXITDATA
 07120H 07120H 00000H _EXITEND_          EXITDATA
 07120H 085F1H 014D2H _BSS               BSS
 085F2H 085F2H 00000H _BSSEND            BSSEND
 08600H 0867FH 00080H _STACK             STACK


Detailed map of segments

 0000:0000 0295 C=CODE   S=_TEXT          G=(none)  M=c0.ASM     ACBP=28
 0000:0295 002D C=CODE   S=_TEXT          G=(none)  M=ATEXIT     ACBP=28
 0000:02C2 0093 C=CODE   S=_TEXT          G=(none)  M=EXIT       ACBP=28
 0000:0355 0000 C=CODE   S=_TEXT          G=(none)  M=FILES      ACBP=28
 0000:0355 0000 C=CODE   S=_TEXT          G=(none)  M=FILES2     ACBP=28
 0000:0355 0017 C=CODE   S=_TEXT          G=(none)  M=F_LXMUL    ACBP=28
 0000:036C 0026 C=CODE   S=_TEXT          G=(none)  M=GETDATE    ACBP=28
 0000:0392 00AE C=CODE   S=_TEXT          G=(none)  M=H_LDIV     ACBP=28
 0000:0440 0021 C=CODE   S=_TEXT          G=(none)  M=H_LLSH     ACBP=28
 0000:0461 0021 C=CODE   S=_TEXT          G=(none)  M=H_LURSH    ACBP=28
 0000:0482 0060 C=CODE   S=_TEXT          G=(none)  M=H_PADD     ACBP=28
 0000:04E2 004B C=CODE   S=_TEXT          G=(none)  M=IOERROR    ACBP=28
 0000:052D 0011 C=CODE   S=_TEXT          G=(none)  M=ISATTY     ACBP=28
 0000:053E 00A2 C=CODE   S=_TEXT          G=(none)  M=LONGTOA    ACBP=28
 0000:05E0 0029 C=CODE   S=_TEXT          G=(none)  M=LSEEK      ACBP=28
 0000:0609 0021 C=CODE   S=_TEXT          G=(none)  M=N_PCMP     ACBP=28
 0000:062A 00BA C=CODE   S=_TEXT          G=(none)  M=SETUPIO    ACBP=28
 0000:06E4 0000 C=CODE   S=_TEXT          G=(none)  M=STKLEN     ACBP=28
 0000:06E4 04DB C=CODE   S=_TEXT          G=(none)  M=VPRINTER   ACBP=28
 0000:0BBF 009F C=CODE   S=_TEXT          G=(none)  M=VRAM       ACBP=28
 0000:0C5E 0000 C=CODE   S=_TEXT          G=(none)  M=WSCROLL    ACBP=28
 0000:0C5E 014E C=CODE   S=_TEXT          G=(none)  M=CPRINTF    ACBP=28
 0000:0DAC 01A5 C=CODE   S=_TEXT          G=(none)  M=CRTINIT    ACBP=28
 0000:0F51 001F C=CODE   S=_TEXT          G=(none)  M=CVTFAK     ACBP=28
 0000:0F70 0432 C=CODE   S=_TEXT          G=(none)  M=FARHEAP    ACBP=28
 0000:13A2 0140 C=CODE   S=_TEXT          G=(none)  M=FBRK       ACBP=28
 0000:14E2 005E C=CODE   S=_TEXT          G=(none)  M=GETCH      ACBP=28
 0000:1540 00AC C=CODE   S=_TEXT          G=(none)  M=GPTEXT     ACBP=28
 0000:15EC 0012 C=CODE   S=_TEXT          G=(none)  M=KBHIT      ACBP=28
 0000:15FE 009D C=CODE   S=_TEXT          G=(none)  M=MOVETEXT   ACBP=28
 0000:169B 0017 C=CODE   S=_TEXT          G=(none)  M=PUTCH      ACBP=28
 0000:16B2 0004 C=CODE   S=_TEXT          G=(none)  M=REALCVT    ACBP=28
 0000:16B6 01C7 C=CODE   S=_TEXT          G=(none)  M=SCREEN     ACBP=28
 0000:187D 018E C=CODE   S=_TEXT          G=(none)  M=SCROLL     ACBP=28
 0000:1A0B 001C C=CODE   S=_TEXT          G=(none)  M=SETBLOCK   ACBP=28
 0000:1A27 006A C=CODE   S=_TEXT          G=(none)  M=SETJMP     ACBP=28
 0000:1A91 002C C=CODE   S=_TEXT          G=(none)  M=WHEREXY    ACBP=28
 0000:1ABD 00CD C=CODE   S=_TEXT          G=(none)  M=FFLUSH     ACBP=28
 0000:1B8A 0042 C=CODE   S=_TEXT          G=(none)  M=FLUSHALL   ACBP=28
 0000:1BCC 01E2 C=CODE   S=_TEXT          G=(none)  M=FSEEK      ACBP=28
 0000:1DAE 0024 C=CODE   S=_TEXT          G=(none)  M=MEMCPY     ACBP=28
 0000:1DD2 001B C=CODE   S=_TEXT          G=(none)  M=PRINTF     ACBP=28
 0000:1DED 03C8 C=CODE   S=_TEXT          G=(none)  M=PUTC       ACBP=28
 0000:21B5 011D C=CODE   S=_TEXT          G=(none)  M=SETVBUF    ACBP=28
 0000:22D2 0083 C=CODE   S=_TEXT          G=(none)  M=SPRINTF    ACBP=28
 0000:2355 0151 C=CODE   S=_TEXT          G=(none)  M=WRITE      ACBP=28
 0000:24A6 003C C=CODE   S=_TEXT          G=(none)  M=WRITEA     ACBP=28
 0000:24E2 0038 C=CODE   S=_TEXT          G=(none)  M=XFFLUSH    ACBP=28
 0251:000A 01FA C=CODE   S=TEST_TEXT      G=(none)  M=test.c     ACBP=28
 0271:0004 00D6 C=CODE   S=OS_CPU_A_TEXT  G=(none)  M=\SOFTWARE\uCOS-II\Ix86L\BC45\OS_CPU_A.ASM ACBP=48
 027E:000A 01D6 C=CODE   S=OS_CPU_C_TEXT  G=(none)  M=os_cpu_c.c ACBP=28
 029C:0000 037D C=CODE   S=PC_TEXT        G=(none)  M=pc.c       ACBP=28
 02D3:000D 36F6 C=CODE   S=UCOS_II_TEXT   G=(none)  M=ucos_ii.c  ACBP=28
 0644:0000 0000 C=FAR_DATA S=_FARDATA       G=(none)  M=c0.ASM     ACBP=68
 0644:0000 0000 C=FAR_BSS S=_FARBSS        G=(none)  M=c0.ASM     ACBP=68
 0644:0000 0000 C=OVRINFO S=_OVERLAY_      G=(none)  M=c0.ASM     ACBP=68
 0644:0000 0000 C=STUBSEG S=_1STUB_        G=(none)  M=c0.ASM     ACBP=68
 0644:0000 0093 C=DATA   S=_DATA          G=DGROUP  M=c0.ASM     ACBP=68
 0644:0094 002D C=DATA   S=_DATA          G=DGROUP  M=test.c     ACBP=48
 0644:00C2 0000 C=DATA   S=_DATA          G=DGROUP  M=\SOFTWARE\uCOS-II\Ix86L\BC45\OS_CPU_A.ASM ACBP=48
 0644:00C2 0000 C=DATA   S=_DATA          G=DGROUP  M=os_cpu_c.c ACBP=48
 0644:00C2 001F C=DATA   S=_DATA          G=DGROUP  M=pc.c       ACBP=48
 0644:00E2 0905 C=DATA   S=_DATA          G=DGROUP  M=ucos_ii.c  ACBP=48
 0644:09E8 0002 C=DATA   S=_DATA          G=DGROUP  M=ATEXIT     ACBP=48
 0644:09EA 000C C=DATA   S=_DATA          G=DGROUP  M=EXIT       ACBP=48
 0644:09F6 0190 C=DATA   S=_DATA          G=DGROUP  M=FILES      ACBP=48
 0644:0B86 002A C=DATA   S=_DATA          G=DGROUP  M=FILES2     ACBP=48
 0644:0BB0 0000 C=DATA   S=_DATA          G=DGROUP  M=F_LXMUL    ACBP=48
 0644:0BB0 0000 C=DATA   S=_DATA          G=DGROUP  M=GETDATE    ACBP=48
 0644:0BB0 0000 C=DATA   S=_DATA          G=DGROUP  M=H_LDIV     ACBP=48
 0644:0BB0 0000 C=DATA   S=_DATA          G=DGROUP  M=H_LLSH     ACBP=48
 0644:0BB0 0000 C=DATA   S=_DATA          G=DGROUP  M=H_LURSH    ACBP=48
 0644:0BB0 0000 C=DATA   S=_DATA          G=DGROUP  M=H_PADD     ACBP=48
 0644:0BB0 005B C=DATA   S=_DATA          G=DGROUP  M=IOERROR    ACBP=48
 0644:0C0C 0000 C=DATA   S=_DATA          G=DGROUP  M=ISATTY     ACBP=48
 0644:0C0C 0000 C=DATA   S=_DATA          G=DGROUP  M=LONGTOA    ACBP=48
 0644:0C0C 0000 C=DATA   S=_DATA          G=DGROUP  M=LSEEK      ACBP=48
 0644:0C0C 0000 C=DATA   S=_DATA          G=DGROUP  M=N_PCMP     ACBP=48
 0644:0C0C 0000 C=DATA   S=_DATA          G=DGROUP  M=SETUPIO    ACBP=48
 0644:0C0C 0002 C=DATA   S=_DATA          G=DGROUP  M=STKLEN     ACBP=48
 0644:0C0E 0067 C=DATA   S=_DATA          G=DGROUP  M=VPRINTER   ACBP=48
 0644:0C76 0000 C=DATA   S=_DATA          G=DGROUP  M=VRAM       ACBP=48
 0644:0C76 0002 C=DATA   S=_DATA          G=DGROUP  M=WSCROLL    ACBP=48
 0644:0C78 0000 C=DATA   S=_DATA          G=DGROUP  M=CPRINTF    ACBP=48
 0644:0C78 0018 C=DATA   S=_DATA          G=DGROUP  M=CRTINIT    ACBP=48
 0644:0C90 0031 C=DATA   S=_DATA          G=DGROUP  M=CVTFAK     ACBP=48
 0644:0CC2 0000 C=DATA   S=_DATA          G=DGROUP  M=FARHEAP    ACBP=48
 0644:0CC2 0002 C=DATA   S=_DATA          G=DGROUP  M=FBRK       ACBP=48
 0644:0CC4 0000 C=DATA   S=_DATA          G=DGROUP  M=GETCH      ACBP=48
 0644:0CC4 0000 C=DATA   S=_DATA          G=DGROUP  M=GPTEXT     ACBP=48
 0644:0CC4 0002 C=DATA   S=_DATA          G=DGROUP  M=KBHIT      ACBP=48
 0644:0CC6 0000 C=DATA   S=_DATA          G=DGROUP  M=MOVETEXT   ACBP=48
 0644:0CC6 0000 C=DATA   S=_DATA          G=DGROUP  M=PUTCH      ACBP=48
 0644:0CC6 0000 C=DATA   S=_DATA          G=DGROUP  M=REALCVT    ACBP=48
 0644:0CC6 0000 C=DATA   S=_DATA          G=DGROUP  M=SCREEN     ACBP=48
 0644:0CC6 0000 C=DATA   S=_DATA          G=DGROUP  M=SCROLL     ACBP=48
 0644:0CC6 0000 C=DATA   S=_DATA          G=DGROUP  M=SETBLOCK   ACBP=48
 0644:0CC6 0000 C=DATA   S=_DATA          G=DGROUP  M=SETJMP     ACBP=48
 0644:0CC6 0000 C=DATA   S=_DATA          G=DGROUP  M=WHEREXY    ACBP=48
 0644:0CC6 0000 C=DATA   S=_DATA          G=DGROUP  M=FFLUSH     ACBP=48
 0644:0CC6 0000 C=DATA   S=_DATA          G=DGROUP  M=FLUSHALL   ACBP=48
 0644:0CC6 0000 C=DATA   S=_DATA          G=DGROUP  M=FSEEK      ACBP=48
 0644:0CC6 0000 C=DATA   S=_DATA          G=DGROUP  M=MEMCPY     ACBP=48
 0644:0CC6 0000 C=DATA   S=_DATA          G=DGROUP  M=PRINTF     ACBP=48
 0644:0CC6 0001 C=DATA   S=_DATA          G=DGROUP  M=PUTC       ACBP=48
 0644:0CC8 0004 C=DATA   S=_DATA          G=DGROUP  M=SETVBUF    ACBP=48
 0644:0CCC 0000 C=DATA   S=_DATA          G=DGROUP  M=SPRINTF    ACBP=48
 0644:0CCC 0000 C=DATA   S=_DATA          G=DGROUP  M=WRITE      ACBP=48
 0644:0CCC 0000 C=DATA   S=_DATA          G=DGROUP  M=WRITEA     ACBP=48
 0644:0CCC 0000 C=DATA   S=_DATA          G=DGROUP  M=XFFLUSH    ACBP=48
 0644:0CCC 0000 C=DATA   S=_CVTSEG        G=DGROUP  M=c0.ASM     ACBP=48
 0644:0CCC 0002 C=DATA   S=_CVTSEG        G=DGROUP  M=CVTFAK     ACBP=48
 0644:0CCE 0000 C=DATA   S=_CVTSEG        G=DGROUP  M=REALCVT    ACBP=48
 0644:0CCE 0000 C=DATA   S=_SCNSEG        G=DGROUP  M=c0.ASM     ACBP=48
 0644:0CCE 0006 C=DATA   S=_SCNSEG        G=DGROUP  M=CVTFAK     ACBP=48
 0644:0CD4 0000 C=CONST  S=_CONST         G=DGROUP  M=c0.ASM     ACBP=48
 0644:0CD4 0000 C=INITDATA S=_INIT_         G=DGROUP  M=c0.ASM     ACBP=48
 0644:0CD4 0006 C=INITDATA S=_INIT_         G=DGROUP  M=SETUPIO    ACBP=48
 0644:0CDA 0006 C=INITDATA S=_INIT_         G=DGROUP  M=CRTINIT    ACBP=48
 0644:0CE0 0000 C=INITDATA S=_INITEND_      G=DGROUP  M=c0.ASM     ACBP=28
 0644:0CE0 0000 C=EXITDATA S=_EXIT_         G=DGROUP  M=c0.ASM     ACBP=48
 0644:0CE0 0000 C=EXITDATA S=_EXITEND_      G=DGROUP  M=c0.ASM     ACBP=28
 0644:0CE0 0000 C=BSS    S=_BSS           G=DGROUP  M=c0.ASM     ACBP=48
 0644:0CE0 0C08 C=BSS    S=_BSS           G=DGROUP  M=test.c     ACBP=48
 0644:18E8 0001 C=BSS    S=_BSS           G=DGROUP  M=os_cpu_c.c ACBP=48
 0644:18EA 001B C=BSS    S=_BSS           G=DGROUP  M=pc.c       ACBP=48
 0644:1906 0829 C=BSS    S=_BSS           G=DGROUP  M=ucos_ii.c  ACBP=48
 0644:2130 0080 C=BSS    S=_BSS           G=DGROUP  M=ATEXIT     ACBP=48
 0644:21B0 0000 C=BSS    S=_BSS           G=DGROUP  M=IOERROR    ACBP=48
 0644:21B0 0000 C=BSS    S=_BSS           G=DGROUP  M=ISATTY     ACBP=48
 0644:21B0 0000 C=BSS    S=_BSS           G=DGROUP  M=LONGTOA    ACBP=48
 0644:21B0 0000 C=BSS    S=_BSS           G=DGROUP  M=LSEEK      ACBP=48
 0644:21B0 0000 C=BSS    S=_BSS           G=DGROUP  M=SETUPIO    ACBP=48
 0644:21B0 0000 C=BSS    S=_BSS           G=DGROUP  M=VPRINTER   ACBP=48
 0644:21B0 0000 C=BSS    S=_BSS           G=DGROUP  M=VRAM       ACBP=48
 0644:21B0 0000 C=BSS    S=_BSS           G=DGROUP  M=CRTINIT    ACBP=48
 0644:21B0 0000 C=BSS    S=_BSS           G=DGROUP  M=GETCH      ACBP=48
 0644:21B0 0000 C=BSS    S=_BSS           G=DGROUP  M=KBHIT      ACBP=48
 0644:21B0 0000 C=BSS    S=_BSS           G=DGROUP  M=SETBLOCK   ACBP=48
 0644:21B0 0000 C=BSS    S=_BSS           G=DGROUP  M=SETJMP     ACBP=48
 0644:21B0 0000 C=BSS    S=_BSS           G=DGROUP  M=MEMCPY     ACBP=48
 0644:21B0 0001 C=BSS    S=_BSS           G=DGROUP  M=PUTC       ACBP=48
 0644:21B2 0000 C=BSS    S=_BSS           G=DGROUP  M=WRITEA     ACBP=48
 0644:21B2 0000 C=BSSEND S=_BSSEND        G=DGROUP  M=c0.ASM     ACBP=28
 0860:0000 0080 C=STACK  S=_STACK         G=(none)  M=c0.ASM     ACBP=74

  Address         Publics by Name

 0644:0000 idle  DATASEG@
 0000:0291 idle  DGROUP@
 0000:0395 idle  F_LDIV@
 0000:03A4 idle  F_LMOD@
 0000:039C       F_LUDIV@
 0000:03AC idle  F_LUMOD@
 0000:0443       F_LXLSH@
 0000:0355       F_LXMUL@
 0000:0464       F_LXURSH@
 0000:0485 idle  F_PADD@
 0000:04B4 idle  F_PSUB@
 0000:0395 idle  LDIV@
 0000:03A4 idle  LMOD@
 0000:039C idle  LUDIV@
 0000:03AC idle  LUMOD@
 0000:0443 idle  LXLSH@
 0000:0355 idle  LXMUL@
 0000:0464 idle  LXURSH@
 0000:0392 idle  N_LDIV@
 0000:03A1 idle  N_LMOD@
 0000:0399 idle  N_LUDIV@
 0000:03A9 idle  N_LUMOD@
 0000:0440       N_LXLSH@
 0000:0461 idle  N_LXURSH@
 0000:0482       N_PADD@
 0000:0609       N_PCMP@
 0000:04B1 idle  N_PSUB@
 0000:0485 idle  PADD@
 0000:04B4 idle  PSUB@
 0000:027A       _abort
 0000:0295 idle  _atexit
 0000:0D90 idle  _cprintf
 0644:0C87       _directvideo
 0644:007F       _errno
 0000:031A       _exit
 0000:10B0 idle  _farfree
 0000:11C4 idle  _farmalloc
 0000:1328 idle  _farrealloc
 0000:1ABD       _fflush
 0000:1B8A       _flushall
 0000:1E09 idle  _fputc
 0000:1F9E idle  _fputchar
 0000:10B0       _free
 0000:1C4E       _fseek
 0000:1CCE idle  _ftell
 0000:14E2       _getch
 0000:14FE idle  _getche
 0000:036C       _getdate
 0000:1540       _gettext
 0000:037F       _gettime
 0644:0CE2 idle  _GlobalStartTime
 0000:052D       _isatty
 0000:15EC       _kbhit
 0000:1A5D       _longjmp
 0000:05E0       _lseek
 0251:000A       _main
 0000:11BA       _malloc
 0000:1DAE       _memcpy
 0644:00E2       _MessageBuffer
 0000:15FE       _movetext
 0271:0022       _OSCtxSw
 0644:212B idle  _OSCtxSwCtr
 0644:2127 idle  _OSEventFreeList
 0644:2113 idle  _OSEventTbl
 02D3:081F idle  _OSFlagAccept
 02D3:0951 idle  _OSFlagCreate
 02D3:09C9 idle  _OSFlagDel
 0644:20EC idle  _OSFlagFreeList
 02D3:0B0B idle  _OSFlagPend
 02D3:0D65 idle  _OSFlagPost
 02D3:0F05 idle  _OSFlagQuery
 0644:20F0 idle  _OSFlagTbl
 0644:20DE idle  _OSIdleCtr
 02D3:000D       _OSInit
 027E:000A       _OSInitHookBegin
 027E:000B       _OSInitHookEnd
 0271:005D       _OSIntCtxSw
 02D3:0040 idle  _OSIntEnter
 02D3:0053       _OSIntExit
 0644:20EA idle  _OSIntExitY
 0644:20EB       _OSIntNesting
 0644:20E9 idle  _OSLockNesting
 0644:08B4 idle  _OSMapTbl
 02D3:1195 idle  _OSMboxAccept
 02D3:11E0 idle  _OSMboxCreate
 02D3:1255 idle  _OSMboxDel
 02D3:1373 idle  _OSMboxPend
 02D3:1475 idle  _OSMboxPost
 02D3:14ED idle  _OSMboxPostOpt
 02D3:1590 idle  _OSMboxQuery
 02D3:161E idle  _OSMemCreate
 0644:19A2 idle  _OSMemFreeList
 02D3:1769 idle  _OSMemGet
 02D3:17E7 idle  _OSMemPut
 02D3:1857 idle  _OSMemQuery
 0644:193E idle  _OSMemTbl
 02D3:19A4 idle  _OSMutexAccept
 02D3:1A2F idle  _OSMutexCreate
 02D3:1B15 idle  _OSMutexDel
 02D3:1C6F idle  _OSMutexPend
 02D3:1E5A idle  _OSMutexPost
 02D3:1FE2 idle  _OSMutexQuery
 0644:20E8       _OSPrioCur
 0644:20E7       _OSPrioHighRdy
 02D3:2097 idle  _OSQAccept
 02D3:2137 idle  _OSQCreate
 02D3:225A idle  _OSQDel
 02D3:23D7 idle  _OSQFlush
 0644:193A idle  _OSQFreeList
 02D3:242F idle  _OSQPend
 02D3:2575 idle  _OSQPost
 02D3:263D idle  _OSQPostFront
 02D3:26FF idle  _OSQPostOpt
 02D3:283D idle  _OSQQuery
 0644:190A idle  _OSQTbl
 0644:20E6 idle  _OSRdyGrp
 0644:20E4 idle  _OSRdyTbl
 0644:20E3       _OSRunning
 02D3:0112 idle  _OSSchedLock
 02D3:0128 idle  _OSSchedUnlock
 02D3:2962 idle  _OSSemAccept
 02D3:2994 idle  _OSSemCreate
 02D3:2A08 idle  _OSSemDel
 02D3:2B26 idle  _OSSemPend
 02D3:2BD6 idle  _OSSemPost
 02D3:2C30 idle  _OSSemQuery
 02D3:0155       _OSStart
 0271:0004       _OSStartHighRdy
 02D3:2CB6 idle  _OSTaskChangePrio
 02D3:2E82       _OSTaskCreate
 02D3:2F66 idle  _OSTaskCreateExt
 027E:000C       _OSTaskCreateHook
 0644:20E2 idle  _OSTaskCtr
 02D3:3056 idle  _OSTaskDel
 027E:0011       _OSTaskDelHook
 02D3:3235 idle  _OSTaskDelReq
 027E:0016       _OSTaskIdleHook
 0644:1CDE idle  _OSTaskIdleStk
 02D3:34B3 idle  _OSTaskQuery
 02D3:32A1 idle  _OSTaskResume
 027E:0017 idle  _OSTaskStatHook
 02D3:3320 idle  _OSTaskStkChk
 027E:0018       _OSTaskStkInit
 027E:00FE idle  _OSTaskStkInit_FPE_x86
 02D3:3405 idle  _OSTaskSuspend
 027E:01D9       _OSTaskSwHook
 0644:1CDA       _OSTCBCur
 0644:1CD6 idle  _OSTCBFreeList
 0644:1CD2       _OSTCBHighRdy
 027E:01DA       _OSTCBInitHook
 0644:1CCE idle  _OSTCBList
 0644:1C9A idle  _OSTCBPrioTbl
 0644:19A6 idle  _OSTCBTbl
 0644:18E8       _OSTickDOSCtr
 0271:008A       _OSTickISR
 0644:1906 idle  _OSTime
 02D3:3521       _OSTimeDly
 02D3:3568 idle  _OSTimeDlyHMSM
 02D3:3657 idle  _OSTimeDlyResume
 02D3:36CF       _OSTimeGet
 02D3:36EE idle  _OSTimeSet
 02D3:01E2       _OSTimeTick
 027E:01DF       _OSTimeTickHook
 0644:08BC idle  _OSUnMapTbl
 02D3:027E idle  _OSVersion
 02D3:0282 idle  _OS_Dummy
 02D3:0283 idle  _OS_EventTaskRdy
 02D3:034D idle  _OS_EventTaskWait
 02D3:03BA idle  _OS_EventTO
 02D3:040E idle  _OS_EventWaitListInit
 02D3:1027 idle  _OS_FlagInit
 02D3:10E6 idle  _OS_FlagUnlink
 02D3:1900 idle  _OS_MemInit
 02D3:2912 idle  _OS_QInit
 02D3:05C1 idle  _OS_Sched
 02D3:0667 idle  _OS_TaskIdle
 02D3:068C idle  _OS_TCBInit
 029C:0000 idle  _PC_DispChar
 029C:003E idle  _PC_DispClrCol
 029C:0084 idle  _PC_DispClrRow
 029C:00BD       _PC_DispClrScr
 029C:00EE idle  _PC_DispStr
 029C:013D       _PC_DOSReturn
 029C:0151       _PC_DOSSaveReturn
 029C:01BF       _PC_ElapsedInit
 029C:01D3 idle  _PC_ElapsedStart
 029C:01F9 idle  _PC_ElapsedStop
 029C:024A idle  _PC_GetDateTime
 029C:029D       _PC_GetKey
 029C:02C4       _PC_SetTickRate
 0644:18EA idle  _PC_TickISR
 029C:0311 idle  _PC_VectGet
 029C:0348       _PC_VectSet
 0251:00B9 idle  _PeriodicTask
 0000:1DD2       _printf
 0000:169B       _putch
 0000:1596       _puttext
 0000:1321 idle  _realloc
 0644:08B2       _RowCount
 0000:1A0B       _setblock
 0000:1A27       _setjmp
 0000:21B5       _setvbuf
 0000:2312       _sprintf
 0644:0CE6 idle  _TaskData
 0644:0094 idle  _TaskSet1
 0644:009C idle  _TaskSet2
 0644:0CE8 idle  _TaskStartStk
 0644:10E8 idle  _TaskStk
 0000:1522 idle  _ungetch
 0000:2334 idle  _vsprintf
 0000:1A9B idle  _wherex
 0000:1AAA idle  _wherey
 0000:1000 idle  __AHINCR
 0000:000C idle  __AHSHIFT
 0644:09E8       __atexitcnt
 0644:2130       __atexittbl
 0000:1418       __brk
 0644:008B       __brklvl
 0644:006B idle  __C0argc
 0644:006D idle  __C0argv
 0000:0E72 idle  __c0crtinit
 0644:0071 idle  __C0environ
 0644:0CC5       __cChar
 0000:033B idle  __cexit
 0644:0CC4       __cFlag
 0000:016A       __checknull
 0000:0157       __cleanup
 0000:0C5E       __CPUTN
 0000:0E8F idle  __crtinit
 0000:0000  Abs  __cvtfak
 0000:0349 idle  __c_exit
 0644:0BB0 idle  __doserrno
 0000:051B idle  __DOSERROR
 0644:0BB2 idle  __dosErrorToSV
 0644:0075 idle  __envLng
 0644:0077 idle  __envseg
 0644:0079 idle  __envSize
 0000:0329       __exit
 0644:09EA       __exitbuf
 0644:09EE idle  __exitfopen
 0644:09F2 idle  __exitopen
 0000:1DED idle  __fputc
 0000:1FB2       __FPUTN
 0644:0087       __heapbase
 0644:008F       __heaptop
 0644:005B idle  __Int0Vector
 0644:005F idle  __Int4Vector
 0644:0063 idle  __Int5Vector
 0644:0067 idle  __Int6Vector
 0000:04E2       __IOERROR
 0000:053E       __LONGTOA
 0000:0293 idle  __MMODEL
 0644:0B86       __nfile
 0000:14FB idle  __Ngetche
 0000:151F idle  __Nungetch
 0644:0B88       __openfd
 0644:007D idle  __osmajor
 0644:007E idle  __osminor
 0644:007D idle  __osversion
 0644:007B       __psp
 0000:16B2       __REALCVT
 0644:0CCC       __RealCvtVector
 0000:01C0       __restorezero
 0000:1457       __sbrk
 0644:0CCE idle  __ScanTodVector
 0000:17EC       __SCREENIO
 0000:189F       __SCROLL
 0000:062A       __setupio
 0644:0081 idle  __StartTime
 0644:0C0C       __stklen
 0644:09F6       __streams
 0000:016B       __terminate
 0000:0000 idle  __turboCrt
 0000:05C0 idle  __UTOA
 0000:1828       __VALIDATEXY
 0644:007D idle  __version
 0644:0C78       __video
 0000:0DE7       __VideoInt
 0000:06FC       __VPRINTER
 0000:0BBF       __VPTR
 0000:0BE4       __VRAM
 0000:1A91       __wherexy
 0000:24A6       __write
 0644:0C76       __wscroll
 0000:24E2       __xfflush
 0644:0085 idle  ___brklvl
 0000:0F70 idle  ___first
 0000:0F72 idle  ___last
 0000:0F74 idle  ___rover
 0000:2355       ___write

  Address         Publics by Value

 0000:0000 idle  __turboCrt
 0000:0000  Abs  __cvtfak
 0000:000C idle  __AHSHIFT
 0000:0157       __cleanup
 0000:016A       __checknull
 0000:016B       __terminate
 0000:01C0       __restorezero
 0000:027A       _abort
 0000:0291 idle  DGROUP@
 0000:0293 idle  __MMODEL
 0000:0295 idle  _atexit
 0000:031A       _exit
 0000:0329       __exit
 0000:033B idle  __cexit
 0000:0349 idle  __c_exit
 0000:0355       F_LXMUL@
 0000:0355 idle  LXMUL@
 0000:036C       _getdate
 0000:037F       _gettime
 0000:0392 idle  N_LDIV@
 0000:0395 idle  LDIV@
 0000:0395 idle  F_LDIV@
 0000:0399 idle  N_LUDIV@
 0000:039C       F_LUDIV@
 0000:039C idle  LUDIV@
 0000:03A1 idle  N_LMOD@
 0000:03A4 idle  F_LMOD@
 0000:03A4 idle  LMOD@
 0000:03A9 idle  N_LUMOD@
 0000:03AC idle  LUMOD@
 0000:03AC idle  F_LUMOD@
 0000:0440       N_LXLSH@
 0000:0443       F_LXLSH@
 0000:0443 idle  LXLSH@
 0000:0461 idle  N_LXURSH@
 0000:0464       F_LXURSH@
 0000:0464 idle  LXURSH@
 0000:0482       N_PADD@
 0000:0485 idle  F_PADD@
 0000:0485 idle  PADD@
 0000:04B1 idle  N_PSUB@
 0000:04B4 idle  F_PSUB@
 0000:04B4 idle  PSUB@
 0000:04E2       __IOERROR
 0000:051B idle  __DOSERROR
 0000:052D       _isatty
 0000:053E       __LONGTOA
 0000:05C0 idle  __UTOA
 0000:05E0       _lseek
 0000:0609       N_PCMP@
 0000:062A       __setupio
 0000:06FC       __VPRINTER
 0000:0BBF       __VPTR
 0000:0BE4       __VRAM
 0000:0C5E       __CPUTN
 0000:0D90 idle  _cprintf
 0000:0DE7       __VideoInt
 0000:0E72 idle  __c0crtinit
 0000:0E8F idle  __crtinit
 0000:0F70 idle  ___first
 0000:0F72 idle  ___last
 0000:0F74 idle  ___rover
 0000:1000 idle  __AHINCR
 0000:10B0       _free
 0000:10B0 idle  _farfree
 0000:11BA       _malloc
 0000:11C4 idle  _farmalloc
 0000:1321 idle  _realloc
 0000:1328 idle  _farrealloc
 0000:1418       __brk
 0000:1457       __sbrk
 0000:14E2       _getch
 0000:14FB idle  __Ngetche
 0000:14FE idle  _getche
 0000:151F idle  __Nungetch
 0000:1522 idle  _ungetch
 0000:1540       _gettext
 0000:1596       _puttext
 0000:15EC       _kbhit
 0000:15FE       _movetext
 0000:169B       _putch
 0000:16B2       __REALCVT
 0000:17EC       __SCREENIO
 0000:1828       __VALIDATEXY
 0000:189F       __SCROLL
 0000:1A0B       _setblock
 0000:1A27       _setjmp
 0000:1A5D       _longjmp
 0000:1A91       __wherexy
 0000:1A9B idle  _wherex
 0000:1AAA idle  _wherey
 0000:1ABD       _fflush
 0000:1B8A       _flushall
 0000:1C4E       _fseek
 0000:1CCE idle  _ftell
 0000:1DAE       _memcpy
 0000:1DD2       _printf
 0000:1DED idle  __fputc
 0000:1E09 idle  _fputc
 0000:1F9E idle  _fputchar
 0000:1FB2       __FPUTN
 0000:21B5       _setvbuf
 0000:2312       _sprintf
 0000:2334 idle  _vsprintf
 0000:2355       ___write
 0000:24A6       __write
 0000:24E2       __xfflush
 0251:000A       _main
 0251:00B9 idle  _PeriodicTask
 0271:0004       _OSStartHighRdy
 0271:0022       _OSCtxSw
 0271:005D       _OSIntCtxSw
 0271:008A       _OSTickISR
 027E:000A       _OSInitHookBegin
 027E:000B       _OSInitHookEnd
 027E:000C       _OSTaskCreateHook
 027E:0011       _OSTaskDelHook
 027E:0016       _OSTaskIdleHook
 027E:0017 idle  _OSTaskStatHook
 027E:0018       _OSTaskStkInit
 027E:00FE idle  _OSTaskStkInit_FPE_x86
 027E:01D9       _OSTaskSwHook
 027E:01DA       _OSTCBInitHook
 027E:01DF       _OSTimeTickHook
 029C:0000 idle  _PC_DispChar
 029C:003E idle  _PC_DispClrCol
 029C:0084 idle  _PC_DispClrRow
 029C:00BD       _PC_DispClrScr
 029C:00EE idle  _PC_DispStr
 029C:013D       _PC_DOSReturn
 029C:0151       _PC_DOSSaveReturn
 029C:01BF       _PC_ElapsedInit
 029C:01D3 idle  _PC_ElapsedStart
 029C:01F9 idle  _PC_ElapsedStop
 029C:024A idle  _PC_GetDateTime
 029C:029D       _PC_GetKey
 029C:02C4       _PC_SetTickRate
 029C:0311 idle  _PC_VectGet
 029C:0348       _PC_VectSet
 02D3:000D       _OSInit
 02D3:0040 idle  _OSIntEnter
 02D3:0053       _OSIntExit
 02D3:0112 idle  _OSSchedLock
 02D3:0128 idle  _OSSchedUnlock
 02D3:0155       _OSStart
 02D3:01E2       _OSTimeTick
 02D3:027E idle  _OSVersion
 02D3:0282 idle  _OS_Dummy
 02D3:0283 idle  _OS_EventTaskRdy
 02D3:034D idle  _OS_EventTaskWait
 02D3:03BA idle  _OS_EventTO
 02D3:040E idle  _OS_EventWaitListInit
 02D3:05C1 idle  _OS_Sched
 02D3:0667 idle  _OS_TaskIdle
 02D3:068C idle  _OS_TCBInit
 02D3:081F idle  _OSFlagAccept
 02D3:0951 idle  _OSFlagCreate
 02D3:09C9 idle  _OSFlagDel
 02D3:0B0B idle  _OSFlagPend
 02D3:0D65 idle  _OSFlagPost
 02D3:0F05 idle  _OSFlagQuery
 02D3:1027 idle  _OS_FlagInit
 02D3:10E6 idle  _OS_FlagUnlink
 02D3:1195 idle  _OSMboxAccept
 02D3:11E0 idle  _OSMboxCreate
 02D3:1255 idle  _OSMboxDel
 02D3:1373 idle  _OSMboxPend
 02D3:1475 idle  _OSMboxPost
 02D3:14ED idle  _OSMboxPostOpt
 02D3:1590 idle  _OSMboxQuery
 02D3:161E idle  _OSMemCreate
 02D3:1769 idle  _OSMemGet
 02D3:17E7 idle  _OSMemPut
 02D3:1857 idle  _OSMemQuery
 02D3:1900 idle  _OS_MemInit
 02D3:19A4 idle  _OSMutexAccept
 02D3:1A2F idle  _OSMutexCreate
 02D3:1B15 idle  _OSMutexDel
 02D3:1C6F idle  _OSMutexPend
 02D3:1E5A idle  _OSMutexPost
 02D3:1FE2 idle  _OSMutexQuery
 02D3:2097 idle  _OSQAccept
 02D3:2137 idle  _OSQCreate
 02D3:225A idle  _OSQDel
 02D3:23D7 idle  _OSQFlush
 02D3:242F idle  _OSQPend
 02D3:2575 idle  _OSQPost
 02D3:263D idle  _OSQPostFront
 02D3:26FF idle  _OSQPostOpt
 02D3:283D idle  _OSQQuery
 02D3:2912 idle  _OS_QInit
 02D3:2962 idle  _OSSemAccept
 02D3:2994 idle  _OSSemCreate
 02D3:2A08 idle  _OSSemDel
 02D3:2B26 idle  _OSSemPend
 02D3:2BD6 idle  _OSSemPost
 02D3:2C30 idle  _OSSemQuery
 02D3:2CB6 idle  _OSTaskChangePrio
 02D3:2E82       _OSTaskCreate
 02D3:2F66 idle  _OSTaskCreateExt
 02D3:3056 idle  _OSTaskDel
 02D3:3235 idle  _OSTaskDelReq
 02D3:32A1 idle  _OSTaskResume
 02D3:3320 idle  _OSTaskStkChk
 02D3:3405 idle  _OSTaskSuspend
 02D3:34B3 idle  _OSTaskQuery
 02D3:3521       _OSTimeDly
 02D3:3568 idle  _OSTimeDlyHMSM
 02D3:3657 idle  _OSTimeDlyResume
 02D3:36CF       _OSTimeGet
 02D3:36EE idle  _OSTimeSet
 0644:0000 idle  DATASEG@
 0644:005B idle  __Int0Vector
 0644:005F idle  __Int4Vector
 0644:0063 idle  __Int5Vector
 0644:0067 idle  __Int6Vector
 0644:006B idle  __C0argc
 0644:006D idle  __C0argv
 0644:0071 idle  __C0environ
 0644:0075 idle  __envLng
 0644:0077 idle  __envseg
 0644:0079 idle  __envSize
 0644:007B       __psp
 0644:007D idle  __osversion
 0644:007D idle  __osmajor
 0644:007D idle  __version
 0644:007E idle  __osminor
 0644:007F       _errno
 0644:0081 idle  __StartTime
 0644:0085 idle  ___brklvl
 0644:0087       __heapbase
 0644:008B       __brklvl
 0644:008F       __heaptop
 0644:0094 idle  _TaskSet1
 0644:009C idle  _TaskSet2
 0644:00E2       _MessageBuffer
 0644:08B2       _RowCount
 0644:08B4 idle  _OSMapTbl
 0644:08BC idle  _OSUnMapTbl
 0644:09E8       __atexitcnt
 0644:09EA       __exitbuf
 0644:09EE idle  __exitfopen
 0644:09F2 idle  __exitopen
 0644:09F6       __streams
 0644:0B86       __nfile
 0644:0B88       __openfd
 0644:0BB0 idle  __doserrno
 0644:0BB2 idle  __dosErrorToSV
 0644:0C0C       __stklen
 0644:0C76       __wscroll
 0644:0C78       __video
 0644:0C87       _directvideo
 0644:0CC4       __cFlag
 0644:0CC5       __cChar
 0644:0CCC       __RealCvtVector
 0644:0CCE idle  __ScanTodVector
 0644:0CE2 idle  _GlobalStartTime
 0644:0CE6 idle  _TaskData
 0644:0CE8 idle  _TaskStartStk
 0644:10E8 idle  _TaskStk
 0644:18E8       _OSTickDOSCtr
 0644:18EA idle  _PC_TickISR
 0644:1906 idle  _OSTime
 0644:190A idle  _OSQTbl
 0644:193A idle  _OSQFreeList
 0644:193E idle  _OSMemTbl
 0644:19A2 idle  _OSMemFreeList
 0644:19A6 idle  _OSTCBTbl
 0644:1C9A idle  _OSTCBPrioTbl
 0644:1CCE idle  _OSTCBList
 0644:1CD2       _OSTCBHighRdy
 0644:1CD6 idle  _OSTCBFreeList
 0644:1CDA       _OSTCBCur
 0644:1CDE idle  _OSTaskIdleStk
 0644:20DE idle  _OSIdleCtr
 0644:20E2 idle  _OSTaskCtr
 0644:20E3       _OSRunning
 0644:20E4 idle  _OSRdyTbl
 0644:20E6 idle  _OSRdyGrp
 0644:20E7       _OSPrioHighRdy
 0644:20E8       _OSPrioCur
 0644:20E9 idle  _OSLockNesting
 0644:20EA idle  _OSIntExitY
 0644:20EB       _OSIntNesting
 0644:20EC idle  _OSFlagFreeList
 0644:20F0 idle  _OSFlagTbl
 0644:2113 idle  _OSEventTbl
 0644:2127 idle  _OSEventFreeList
 0644:212B idle  _OSCtxSwCtr
 0644:2130       __atexittbl

Program entry point at 0000:0000

