
 Start  Stop   Length Name               Class

 00000H 02136H 02137H _TEXT              CODE
 02137H 0262FH 004F9H TEST_TEXT          CODE
 02630H 02705H 000D6H OS_CPU_A_TEXT      CODE
 02706H 028DBH 001D6H OS_CPU_C_TEXT      CODE
 028DCH 02C58H 0037DH PC_TEXT            CODE
 02C59H 0646EH 03816H UCOS_II_TEXT       CODE
 06470H 06470H 00000H _FARDATA           FAR_DATA
 06470H 06470H 00000H _FARBSS            FAR_BSS
 06470H 06470H 00000H _OVERLAY_          OVRINFO
 06470H 06470H 00000H _1STUB_            STUBSEG
 06470H 06A41H 005D2H _DATA              DATA
 06A42H 06A43H 00002H _CVTSEG            DATA
 06A44H 06A49H 00006H _SCNSEG            DATA
 06A4AH 06A4AH 00000H _CONST             CONST
 06A4AH 06A55H 0000CH _INIT_             INITDATA
 06A56H 06A56H 00000H _INITEND_          INITDATA
 06A56H 06A56H 00000H _EXIT_             EXITDATA
 06A56H 06A56H 00000H _EXITEND_          EXITDATA
 06A56H 08437H 019E2H _BSS               BSS
 08438H 08438H 00000H _BSSEND            BSSEND
 08440H 084BFH 00080H _STACK             STACK


Detailed map of segments

 0000:0000 0295 C=CODE   S=_TEXT          G=(none)  M=c0.ASM     ACBP=28
 0000:0295 002D C=CODE   S=_TEXT          G=(none)  M=ATEXIT     ACBP=28
 0000:02C2 0093 C=CODE   S=_TEXT          G=(none)  M=EXIT       ACBP=28
 0000:0355 0000 C=CODE   S=_TEXT          G=(none)  M=FILES      ACBP=28
 0000:0355 0000 C=CODE   S=_TEXT          G=(none)  M=FILES2     ACBP=28
 0000:0355 0017 C=CODE   S=_TEXT          G=(none)  M=F_LXMUL    ACBP=28
 0000:036C 0026 C=CODE   S=_TEXT          G=(none)  M=GETDATE    ACBP=28
 0000:0392 00AE C=CODE   S=_TEXT          G=(none)  M=H_LDIV     ACBP=28
 0000:0440 0021 C=CODE   S=_TEXT          G=(none)  M=H_LLSH     ACBP=28
 0000:0461 0021 C=CODE   S=_TEXT          G=(none)  M=H_LURSH    ACBP=28
 0000:0482 0060 C=CODE   S=_TEXT          G=(none)  M=H_PADD     ACBP=28
 0000:04E2 004B C=CODE   S=_TEXT          G=(none)  M=IOERROR    ACBP=28
 0000:052D 0011 C=CODE   S=_TEXT          G=(none)  M=ISATTY     ACBP=28
 0000:053E 00A2 C=CODE   S=_TEXT          G=(none)  M=LONGTOA    ACBP=28
 0000:05E0 0029 C=CODE   S=_TEXT          G=(none)  M=LSEEK      ACBP=28
 0000:0609 0021 C=CODE   S=_TEXT          G=(none)  M=N_PCMP     ACBP=28
 0000:062A 00BA C=CODE   S=_TEXT          G=(none)  M=SETUPIO    ACBP=28
 0000:06E4 0000 C=CODE   S=_TEXT          G=(none)  M=STKLEN     ACBP=28
 0000:06E4 04DB C=CODE   S=_TEXT          G=(none)  M=VPRINTER   ACBP=28
 0000:0BBF 009F C=CODE   S=_TEXT          G=(none)  M=VRAM       ACBP=28
 0000:0C5E 0000 C=CODE   S=_TEXT          G=(none)  M=WSCROLL    ACBP=28
 0000:0C5E 014E C=CODE   S=_TEXT          G=(none)  M=CPRINTF    ACBP=28
 0000:0DAC 01A5 C=CODE   S=_TEXT          G=(none)  M=CRTINIT    ACBP=28
 0000:0F51 001F C=CODE   S=_TEXT          G=(none)  M=CVTFAK     ACBP=28
 0000:0F70 0432 C=CODE   S=_TEXT          G=(none)  M=FARHEAP    ACBP=28
 0000:13A2 0140 C=CODE   S=_TEXT          G=(none)  M=FBRK       ACBP=28
 0000:14E2 005E C=CODE   S=_TEXT          G=(none)  M=GETCH      ACBP=28
 0000:1540 00AC C=CODE   S=_TEXT          G=(none)  M=GPTEXT     ACBP=28
 0000:15EC 0012 C=CODE   S=_TEXT          G=(none)  M=KBHIT      ACBP=28
 0000:15FE 009D C=CODE   S=_TEXT          G=(none)  M=MOVETEXT   ACBP=28
 0000:169B 0017 C=CODE   S=_TEXT          G=(none)  M=PUTCH      ACBP=28
 0000:16B2 0004 C=CODE   S=_TEXT          G=(none)  M=REALCVT    ACBP=28
 0000:16B6 01C7 C=CODE   S=_TEXT          G=(none)  M=SCREEN     ACBP=28
 0000:187D 018E C=CODE   S=_TEXT          G=(none)  M=SCROLL     ACBP=28
 0000:1A0B 001C C=CODE   S=_TEXT          G=(none)  M=SETBLOCK   ACBP=28
 0000:1A27 006A C=CODE   S=_TEXT          G=(none)  M=SETJMP     ACBP=28
 0000:1A91 002C C=CODE   S=_TEXT          G=(none)  M=WHEREXY    ACBP=28
 0000:1ABD 00CD C=CODE   S=_TEXT          G=(none)  M=FFLUSH     ACBP=28
 0000:1B8A 0042 C=CODE   S=_TEXT          G=(none)  M=FLUSHALL   ACBP=28
 0000:1BCC 01E2 C=CODE   S=_TEXT          G=(none)  M=FSEEK      ACBP=28
 0000:1DAE 0024 C=CODE   S=_TEXT          G=(none)  M=MEMCPY     ACBP=28
 0000:1DD2 011D C=CODE   S=_TEXT          G=(none)  M=SETVBUF    ACBP=28
 0000:1EEF 0083 C=CODE   S=_TEXT          G=(none)  M=SPRINTF    ACBP=28
 0000:1F72 0151 C=CODE   S=_TEXT          G=(none)  M=WRITE      ACBP=28
 0000:20C3 003C C=CODE   S=_TEXT          G=(none)  M=WRITEA     ACBP=28
 0000:20FF 0038 C=CODE   S=_TEXT          G=(none)  M=XFFLUSH    ACBP=28
 0213:0007 04F9 C=CODE   S=TEST_TEXT      G=(none)  M=test.c     ACBP=28
 0263:0000 00D6 C=CODE   S=OS_CPU_A_TEXT  G=(none)  M=\SOFTWARE\uCOS-II\Ix86L\BC45\OS_CPU_A.ASM ACBP=48
 0270:0006 01D6 C=CODE   S=OS_CPU_C_TEXT  G=(none)  M=os_cpu_c.c ACBP=28
 028D:000C 037D C=CODE   S=PC_TEXT        G=(none)  M=pc.c       ACBP=28
 02C5:0009 3816 C=CODE   S=UCOS_II_TEXT   G=(none)  M=ucos_ii.c  ACBP=28
 0647:0000 0000 C=FAR_DATA S=_FARDATA       G=(none)  M=c0.ASM     ACBP=68
 0647:0000 0000 C=FAR_BSS S=_FARBSS        G=(none)  M=c0.ASM     ACBP=68
 0647:0000 0000 C=OVRINFO S=_OVERLAY_      G=(none)  M=c0.ASM     ACBP=68
 0647:0000 0000 C=STUBSEG S=_1STUB_        G=(none)  M=c0.ASM     ACBP=68
 0647:0000 0093 C=DATA   S=_DATA          G=DGROUP  M=c0.ASM     ACBP=68
 0647:0094 0131 C=DATA   S=_DATA          G=DGROUP  M=test.c     ACBP=48
 0647:01C6 0000 C=DATA   S=_DATA          G=DGROUP  M=\SOFTWARE\uCOS-II\Ix86L\BC45\OS_CPU_A.ASM ACBP=48
 0647:01C6 0000 C=DATA   S=_DATA          G=DGROUP  M=os_cpu_c.c ACBP=48
 0647:01C6 001F C=DATA   S=_DATA          G=DGROUP  M=pc.c       ACBP=48
 0647:01E6 010A C=DATA   S=_DATA          G=DGROUP  M=ucos_ii.c  ACBP=48
 0647:02F0 0002 C=DATA   S=_DATA          G=DGROUP  M=ATEXIT     ACBP=48
 0647:02F2 000C C=DATA   S=_DATA          G=DGROUP  M=EXIT       ACBP=48
 0647:02FE 0190 C=DATA   S=_DATA          G=DGROUP  M=FILES      ACBP=48
 0647:048E 002A C=DATA   S=_DATA          G=DGROUP  M=FILES2     ACBP=48
 0647:04B8 0000 C=DATA   S=_DATA          G=DGROUP  M=F_LXMUL    ACBP=48
 0647:04B8 0000 C=DATA   S=_DATA          G=DGROUP  M=GETDATE    ACBP=48
 0647:04B8 0000 C=DATA   S=_DATA          G=DGROUP  M=H_LDIV     ACBP=48
 0647:04B8 0000 C=DATA   S=_DATA          G=DGROUP  M=H_LLSH     ACBP=48
 0647:04B8 0000 C=DATA   S=_DATA          G=DGROUP  M=H_LURSH    ACBP=48
 0647:04B8 0000 C=DATA   S=_DATA          G=DGROUP  M=H_PADD     ACBP=48
 0647:04B8 005B C=DATA   S=_DATA          G=DGROUP  M=IOERROR    ACBP=48
 0647:0514 0000 C=DATA   S=_DATA          G=DGROUP  M=ISATTY     ACBP=48
 0647:0514 0000 C=DATA   S=_DATA          G=DGROUP  M=LONGTOA    ACBP=48
 0647:0514 0000 C=DATA   S=_DATA          G=DGROUP  M=LSEEK      ACBP=48
 0647:0514 0000 C=DATA   S=_DATA          G=DGROUP  M=N_PCMP     ACBP=48
 0647:0514 0000 C=DATA   S=_DATA          G=DGROUP  M=SETUPIO    ACBP=48
 0647:0514 0002 C=DATA   S=_DATA          G=DGROUP  M=STKLEN     ACBP=48
 0647:0516 0067 C=DATA   S=_DATA          G=DGROUP  M=VPRINTER   ACBP=48
 0647:057E 0000 C=DATA   S=_DATA          G=DGROUP  M=VRAM       ACBP=48
 0647:057E 0002 C=DATA   S=_DATA          G=DGROUP  M=WSCROLL    ACBP=48
 0647:0580 0000 C=DATA   S=_DATA          G=DGROUP  M=CPRINTF    ACBP=48
 0647:0580 0018 C=DATA   S=_DATA          G=DGROUP  M=CRTINIT    ACBP=48
 0647:0598 0031 C=DATA   S=_DATA          G=DGROUP  M=CVTFAK     ACBP=48
 0647:05CA 0000 C=DATA   S=_DATA          G=DGROUP  M=FARHEAP    ACBP=48
 0647:05CA 0002 C=DATA   S=_DATA          G=DGROUP  M=FBRK       ACBP=48
 0647:05CC 0000 C=DATA   S=_DATA          G=DGROUP  M=GETCH      ACBP=48
 0647:05CC 0000 C=DATA   S=_DATA          G=DGROUP  M=GPTEXT     ACBP=48
 0647:05CC 0002 C=DATA   S=_DATA          G=DGROUP  M=KBHIT      ACBP=48
 0647:05CE 0000 C=DATA   S=_DATA          G=DGROUP  M=MOVETEXT   ACBP=48
 0647:05CE 0000 C=DATA   S=_DATA          G=DGROUP  M=PUTCH      ACBP=48
 0647:05CE 0000 C=DATA   S=_DATA          G=DGROUP  M=REALCVT    ACBP=48
 0647:05CE 0000 C=DATA   S=_DATA          G=DGROUP  M=SCREEN     ACBP=48
 0647:05CE 0000 C=DATA   S=_DATA          G=DGROUP  M=SCROLL     ACBP=48
 0647:05CE 0000 C=DATA   S=_DATA          G=DGROUP  M=SETBLOCK   ACBP=48
 0647:05CE 0000 C=DATA   S=_DATA          G=DGROUP  M=SETJMP     ACBP=48
 0647:05CE 0000 C=DATA   S=_DATA          G=DGROUP  M=WHEREXY    ACBP=48
 0647:05CE 0000 C=DATA   S=_DATA          G=DGROUP  M=FFLUSH     ACBP=48
 0647:05CE 0000 C=DATA   S=_DATA          G=DGROUP  M=FLUSHALL   ACBP=48
 0647:05CE 0000 C=DATA   S=_DATA          G=DGROUP  M=FSEEK      ACBP=48
 0647:05CE 0000 C=DATA   S=_DATA          G=DGROUP  M=MEMCPY     ACBP=48
 0647:05CE 0004 C=DATA   S=_DATA          G=DGROUP  M=SETVBUF    ACBP=48
 0647:05D2 0000 C=DATA   S=_DATA          G=DGROUP  M=SPRINTF    ACBP=48
 0647:05D2 0000 C=DATA   S=_DATA          G=DGROUP  M=WRITE      ACBP=48
 0647:05D2 0000 C=DATA   S=_DATA          G=DGROUP  M=WRITEA     ACBP=48
 0647:05D2 0000 C=DATA   S=_DATA          G=DGROUP  M=XFFLUSH    ACBP=48
 0647:05D2 0000 C=DATA   S=_CVTSEG        G=DGROUP  M=c0.ASM     ACBP=48
 0647:05D2 0002 C=DATA   S=_CVTSEG        G=DGROUP  M=CVTFAK     ACBP=48
 0647:05D4 0000 C=DATA   S=_CVTSEG        G=DGROUP  M=REALCVT    ACBP=48
 0647:05D4 0000 C=DATA   S=_SCNSEG        G=DGROUP  M=c0.ASM     ACBP=48
 0647:05D4 0006 C=DATA   S=_SCNSEG        G=DGROUP  M=CVTFAK     ACBP=48
 0647:05DA 0000 C=CONST  S=_CONST         G=DGROUP  M=c0.ASM     ACBP=48
 0647:05DA 0000 C=INITDATA S=_INIT_         G=DGROUP  M=c0.ASM     ACBP=48
 0647:05DA 0006 C=INITDATA S=_INIT_         G=DGROUP  M=SETUPIO    ACBP=48
 0647:05E0 0006 C=INITDATA S=_INIT_         G=DGROUP  M=CRTINIT    ACBP=48
 0647:05E6 0000 C=INITDATA S=_INITEND_      G=DGROUP  M=c0.ASM     ACBP=28
 0647:05E6 0000 C=EXITDATA S=_EXIT_         G=DGROUP  M=c0.ASM     ACBP=48
 0647:05E6 0000 C=EXITDATA S=_EXITEND_      G=DGROUP  M=c0.ASM     ACBP=28
 0647:05E6 0000 C=BSS    S=_BSS           G=DGROUP  M=c0.ASM     ACBP=48
 0647:05E6 0C0A C=BSS    S=_BSS           G=DGROUP  M=test.c     ACBP=48
 0647:11F0 0001 C=BSS    S=_BSS           G=DGROUP  M=os_cpu_c.c ACBP=48
 0647:11F2 001B C=BSS    S=_BSS           G=DGROUP  M=pc.c       ACBP=48
 0647:120E 0D3A C=BSS    S=_BSS           G=DGROUP  M=ucos_ii.c  ACBP=48
 0647:1F48 0080 C=BSS    S=_BSS           G=DGROUP  M=ATEXIT     ACBP=48
 0647:1FC8 0000 C=BSS    S=_BSS           G=DGROUP  M=IOERROR    ACBP=48
 0647:1FC8 0000 C=BSS    S=_BSS           G=DGROUP  M=ISATTY     ACBP=48
 0647:1FC8 0000 C=BSS    S=_BSS           G=DGROUP  M=LONGTOA    ACBP=48
 0647:1FC8 0000 C=BSS    S=_BSS           G=DGROUP  M=LSEEK      ACBP=48
 0647:1FC8 0000 C=BSS    S=_BSS           G=DGROUP  M=SETUPIO    ACBP=48
 0647:1FC8 0000 C=BSS    S=_BSS           G=DGROUP  M=VPRINTER   ACBP=48
 0647:1FC8 0000 C=BSS    S=_BSS           G=DGROUP  M=VRAM       ACBP=48
 0647:1FC8 0000 C=BSS    S=_BSS           G=DGROUP  M=CRTINIT    ACBP=48
 0647:1FC8 0000 C=BSS    S=_BSS           G=DGROUP  M=GETCH      ACBP=48
 0647:1FC8 0000 C=BSS    S=_BSS           G=DGROUP  M=KBHIT      ACBP=48
 0647:1FC8 0000 C=BSS    S=_BSS           G=DGROUP  M=SETBLOCK   ACBP=48
 0647:1FC8 0000 C=BSS    S=_BSS           G=DGROUP  M=SETJMP     ACBP=48
 0647:1FC8 0000 C=BSS    S=_BSS           G=DGROUP  M=MEMCPY     ACBP=48
 0647:1FC8 0000 C=BSS    S=_BSS           G=DGROUP  M=WRITEA     ACBP=48
 0647:1FC8 0000 C=BSSEND S=_BSSEND        G=DGROUP  M=c0.ASM     ACBP=28
 0844:0000 0080 C=STACK  S=_STACK         G=(none)  M=c0.ASM     ACBP=74

  Address         Publics by Name

 0647:0000 idle  DATASEG@
 0000:0291 idle  DGROUP@
 0000:0395 idle  F_LDIV@
 0000:03A4 idle  F_LMOD@
 0000:039C       F_LUDIV@
 0000:03AC idle  F_LUMOD@
 0000:0443       F_LXLSH@
 0000:0355       F_LXMUL@
 0000:0464       F_LXURSH@
 0000:0485 idle  F_PADD@
 0000:04B4 idle  F_PSUB@
 0000:0395 idle  LDIV@
 0000:03A4 idle  LMOD@
 0000:039C idle  LUDIV@
 0000:03AC idle  LUMOD@
 0000:0443 idle  LXLSH@
 0000:0355 idle  LXMUL@
 0000:0464 idle  LXURSH@
 0000:0392 idle  N_LDIV@
 0000:03A1 idle  N_LMOD@
 0000:0399 idle  N_LUDIV@
 0000:03A9 idle  N_LUMOD@
 0000:0440       N_LXLSH@
 0000:0461 idle  N_LXURSH@
 0000:0482       N_PADD@
 0000:0609       N_PCMP@
 0000:04B1 idle  N_PSUB@
 0000:0485 idle  PADD@
 0000:04B4 idle  PSUB@
 0000:027A       _abort
 0000:0295 idle  _atexit
 0000:0D90 idle  _cprintf
 0647:058F       _directvideo
 0647:007F       _errno
 0000:031A       _exit
 0000:10B0 idle  _farfree
 0000:11C4 idle  _farmalloc
 0000:1328 idle  _farrealloc
 0000:1ABD       _fflush
 0000:1B8A       _flushall
 0000:10B0       _free
 0000:1C4E       _fseek
 0000:1CCE idle  _ftell
 0000:14E2       _getch
 0000:14FE idle  _getche
 0000:036C       _getdate
 0000:1540       _gettext
 0000:037F       _gettime
 0647:05E6 idle  _GlobalStartTime
 0000:052D       _isatty
 0000:15EC       _kbhit
 0000:1A5D       _longjmp
 0000:05E0       _lseek
 0213:0007       _main
 0000:11BA       _malloc
 0000:1DAE       _memcpy
 0000:15FE       _movetext
 0647:1F04 idle  _OSCPUUsage
 0263:001E       _OSCtxSw
 0647:1F44 idle  _OSCtxSwCtr
 0647:1F40 idle  _OSEventFreeList
 0647:1F2C idle  _OSEventTbl
 02C5:0962 idle  _OSFlagAccept
 02C5:0A94 idle  _OSFlagCreate
 02C5:0B0C idle  _OSFlagDel
 0647:1F05 idle  _OSFlagFreeList
 02C5:0C4E idle  _OSFlagPend
 02C5:0EA8 idle  _OSFlagPost
 02C5:1048 idle  _OSFlagQuery
 0647:1F09 idle  _OSFlagTbl
 0647:1AED idle  _OSIdleCtr
 0647:1F00 idle  _OSIdleCtrMax
 0647:1EFC idle  _OSIdleCtrRun
 02C5:0009       _OSInit
 0270:0006       _OSInitHookBegin
 0270:0007       _OSInitHookEnd
 0263:0059       _OSIntCtxSw
 02C5:0041 idle  _OSIntEnter
 02C5:0054       _OSIntExit
 0647:1AF9 idle  _OSIntExitY
 0647:1AFA       _OSIntNesting
 0647:1AF8 idle  _OSLockNesting
 0647:01E8 idle  _OSMapTbl
 02C5:12D8 idle  _OSMboxAccept
 02C5:1323 idle  _OSMboxCreate
 02C5:1398 idle  _OSMboxDel
 02C5:14B6 idle  _OSMboxPend
 02C5:15B8 idle  _OSMboxPost
 02C5:1630 idle  _OSMboxPostOpt
 02C5:16D3 idle  _OSMboxQuery
 02C5:1761 idle  _OSMemCreate
 0647:1372 idle  _OSMemFreeList
 02C5:18AC idle  _OSMemGet
 02C5:192A idle  _OSMemPut
 02C5:199A idle  _OSMemQuery
 0647:130E idle  _OSMemTbl
 02C5:1AE7 idle  _OSMutexAccept
 02C5:1B72 idle  _OSMutexCreate
 02C5:1C58 idle  _OSMutexDel
 02C5:1DB2 idle  _OSMutexPend
 02C5:1F9D idle  _OSMutexPost
 02C5:2125 idle  _OSMutexQuery
 0647:1AF7       _OSPrioCur
 0647:1AF6       _OSPrioHighRdy
 02C5:21DA idle  _OSQAccept
 02C5:227A idle  _OSQCreate
 02C5:239D idle  _OSQDel
 02C5:251A idle  _OSQFlush
 0647:130A idle  _OSQFreeList
 02C5:2572 idle  _OSQPend
 02C5:26B8 idle  _OSQPost
 02C5:2780 idle  _OSQPostFront
 02C5:2842 idle  _OSQPostOpt
 02C5:2980 idle  _OSQQuery
 0647:12DA idle  _OSQTbl
 0647:1AF5 idle  _OSRdyGrp
 0647:1AF3 idle  _OSRdyTbl
 0647:1AF2       _OSRunning
 02C5:0126 idle  _OSSchedLock
 02C5:013C idle  _OSSchedUnlock
 02C5:2AA5 idle  _OSSemAccept
 02C5:2AD7       _OSSemCreate
 02C5:2B4B idle  _OSSemDel
 02C5:2C69 idle  _OSSemPend
 02C5:2D19 idle  _OSSemPost
 02C5:2D73 idle  _OSSemQuery
 02C5:0169       _OSStart
 0263:0000       _OSStartHighRdy
 02C5:01C8       _OSStatInit
 0647:1EFB idle  _OSStatRdy
 02C5:2DF9 idle  _OSTaskChangePrio
 02C5:2FC5       _OSTaskCreate
 02C5:3082 idle  _OSTaskCreateExt
 0270:0008       _OSTaskCreateHook
 0647:1AF1 idle  _OSTaskCtr
 02C5:3172 idle  _OSTaskDel
 0270:000D       _OSTaskDelHook
 02C5:3351 idle  _OSTaskDelReq
 0270:0012       _OSTaskIdleHook
 0647:16ED idle  _OSTaskIdleStk
 02C5:35CF idle  _OSTaskQuery
 02C5:33BD idle  _OSTaskResume
 0270:0013       _OSTaskStatHook
 0647:1AFB idle  _OSTaskStatStk
 02C5:343C idle  _OSTaskStkChk
 0270:0014       _OSTaskStkInit
 0270:00FA idle  _OSTaskStkInit_FPE_x86
 02C5:3521 idle  _OSTaskSuspend
 0270:01D5       _OSTaskSwHook
 0647:16E9       _OSTCBCur
 0647:16E5 idle  _OSTCBFreeList
 0647:16E1       _OSTCBHighRdy
 0270:01D6       _OSTCBInitHook
 0647:16DD idle  _OSTCBList
 0647:16A9 idle  _OSTCBPrioTbl
 0647:1376 idle  _OSTCBTbl
 0647:11F0       _OSTickDOSCtr
 0263:0086       _OSTickISR
 0647:12D6 idle  _OSTime
 02C5:363D       _OSTimeDly
 02C5:3684       _OSTimeDlyHMSM
 02C5:3773 idle  _OSTimeDlyResume
 02C5:37EB       _OSTimeGet
 02C5:380A idle  _OSTimeSet
 02C5:0202       _OSTimeTick
 0270:01DB       _OSTimeTickHook
 0647:01F0 idle  _OSUnMapTbl
 02C5:029E idle  _OSVersion
 02C5:02A2 idle  _OS_Dummy
 02C5:02A3 idle  _OS_EventTaskRdy
 02C5:036D idle  _OS_EventTaskWait
 02C5:03DA idle  _OS_EventTO
 02C5:042E idle  _OS_EventWaitListInit
 02C5:116A idle  _OS_FlagInit
 02C5:1229 idle  _OS_FlagUnlink
 02C5:1A43 idle  _OS_MemInit
 02C5:2A55 idle  _OS_QInit
 02C5:0628 idle  _OS_Sched
 02C5:06DF idle  _OS_TaskIdle
 02C5:0704 idle  _OS_TaskStat
 02C5:07CF idle  _OS_TCBInit
 0647:120E       _OutputBuffer
 028D:000C idle  _PC_DispChar
 028D:004A idle  _PC_DispClrCol
 028D:0090 idle  _PC_DispClrRow
 028D:00C9       _PC_DispClrScr
 028D:00FA       _PC_DispStr
 028D:0149       _PC_DOSReturn
 028D:015D       _PC_DOSSaveReturn
 028D:01CB idle  _PC_ElapsedInit
 028D:01DF idle  _PC_ElapsedStart
 028D:0205 idle  _PC_ElapsedStop
 028D:0256 idle  _PC_GetDateTime
 028D:02A9       _PC_GetKey
 028D:02D0       _PC_SetTickRate
 0647:11F2 idle  _PC_TickISR
 028D:031D idle  _PC_VectGet
 028D:0354       _PC_VectSet
 0213:03F2 idle  _PeriodicTask
 0000:169B       _putch
 0000:1596       _puttext
 0647:05EA idle  _RandomSem
 0000:1321 idle  _realloc
 0647:01E6       _RowCount
 0000:1A0B       _setblock
 0000:1A27       _setjmp
 0000:1DD2       _setvbuf
 0000:1F2F       _sprintf
 0647:05EE idle  _TaskData
 0647:0094 idle  _TaskSet1
 0647:009C idle  _TaskSet2
 0213:005B idle  _TaskStart
 0647:05F0 idle  _TaskStartStk
 0647:09F0 idle  _TaskStk
 0000:1522 idle  _ungetch
 0000:1F51 idle  _vsprintf
 0000:1A9B idle  _wherex
 0000:1AAA idle  _wherey
 0000:1000 idle  __AHINCR
 0000:000C idle  __AHSHIFT
 0647:02F0       __atexitcnt
 0647:1F48       __atexittbl
 0000:1418       __brk
 0647:008B       __brklvl
 0647:006B idle  __C0argc
 0647:006D idle  __C0argv
 0000:0E72 idle  __c0crtinit
 0647:0071 idle  __C0environ
 0647:05CD       __cChar
 0000:033B idle  __cexit
 0647:05CC       __cFlag
 0000:016A       __checknull
 0000:0157       __cleanup
 0000:0C5E       __CPUTN
 0000:0E8F idle  __crtinit
 0000:0000  Abs  __cvtfak
 0000:0349 idle  __c_exit
 0647:04B8 idle  __doserrno
 0000:051B idle  __DOSERROR
 0647:04BA idle  __dosErrorToSV
 0647:0075 idle  __envLng
 0647:0077 idle  __envseg
 0647:0079 idle  __envSize
 0000:0329       __exit
 0647:02F2       __exitbuf
 0647:02F6 idle  __exitfopen
 0647:02FA idle  __exitopen
 0647:0087       __heapbase
 0647:008F       __heaptop
 0647:005B idle  __Int0Vector
 0647:005F idle  __Int4Vector
 0647:0063 idle  __Int5Vector
 0647:0067 idle  __Int6Vector
 0000:04E2       __IOERROR
 0000:053E       __LONGTOA
 0000:0293 idle  __MMODEL
 0647:048E       __nfile
 0000:14FB idle  __Ngetche
 0000:151F idle  __Nungetch
 0647:0490       __openfd
 0647:007D idle  __osmajor
 0647:007E idle  __osminor
 0647:007D idle  __osversion
 0647:007B       __psp
 0000:16B2       __REALCVT
 0647:05D2       __RealCvtVector
 0000:01C0       __restorezero
 0000:1457       __sbrk
 0647:05D4 idle  __ScanTodVector
 0000:17EC       __SCREENIO
 0000:189F       __SCROLL
 0000:062A       __setupio
 0647:0081 idle  __StartTime
 0647:0514       __stklen
 0647:02FE       __streams
 0000:016B       __terminate
 0000:0000 idle  __turboCrt
 0000:05C0 idle  __UTOA
 0000:1828       __VALIDATEXY
 0647:007D idle  __version
 0647:0580       __video
 0000:0DE7       __VideoInt
 0000:06FC       __VPRINTER
 0000:0BBF       __VPTR
 0000:0BE4       __VRAM
 0000:1A91       __wherexy
 0000:20C3       __write
 0647:057E       __wscroll
 0000:20FF       __xfflush
 0647:0085 idle  ___brklvl
 0000:0F70 idle  ___first
 0000:0F72 idle  ___last
 0000:0F74 idle  ___rover
 0000:1F72       ___write

  Address         Publics by Value

 0000:0000 idle  __turboCrt
 0000:0000  Abs  __cvtfak
 0000:000C idle  __AHSHIFT
 0000:0157       __cleanup
 0000:016A       __checknull
 0000:016B       __terminate
 0000:01C0       __restorezero
 0000:027A       _abort
 0000:0291 idle  DGROUP@
 0000:0293 idle  __MMODEL
 0000:0295 idle  _atexit
 0000:031A       _exit
 0000:0329       __exit
 0000:033B idle  __cexit
 0000:0349 idle  __c_exit
 0000:0355       F_LXMUL@
 0000:0355 idle  LXMUL@
 0000:036C       _getdate
 0000:037F       _gettime
 0000:0392 idle  N_LDIV@
 0000:0395 idle  LDIV@
 0000:0395 idle  F_LDIV@
 0000:0399 idle  N_LUDIV@
 0000:039C       F_LUDIV@
 0000:039C idle  LUDIV@
 0000:03A1 idle  N_LMOD@
 0000:03A4 idle  F_LMOD@
 0000:03A4 idle  LMOD@
 0000:03A9 idle  N_LUMOD@
 0000:03AC idle  LUMOD@
 0000:03AC idle  F_LUMOD@
 0000:0440       N_LXLSH@
 0000:0443       F_LXLSH@
 0000:0443 idle  LXLSH@
 0000:0461 idle  N_LXURSH@
 0000:0464       F_LXURSH@
 0000:0464 idle  LXURSH@
 0000:0482       N_PADD@
 0000:0485 idle  F_PADD@
 0000:0485 idle  PADD@
 0000:04B1 idle  N_PSUB@
 0000:04B4 idle  F_PSUB@
 0000:04B4 idle  PSUB@
 0000:04E2       __IOERROR
 0000:051B idle  __DOSERROR
 0000:052D       _isatty
 0000:053E       __LONGTOA
 0000:05C0 idle  __UTOA
 0000:05E0       _lseek
 0000:0609       N_PCMP@
 0000:062A       __setupio
 0000:06FC       __VPRINTER
 0000:0BBF       __VPTR
 0000:0BE4       __VRAM
 0000:0C5E       __CPUTN
 0000:0D90 idle  _cprintf
 0000:0DE7       __VideoInt
 0000:0E72 idle  __c0crtinit
 0000:0E8F idle  __crtinit
 0000:0F70 idle  ___first
 0000:0F72 idle  ___last
 0000:0F74 idle  ___rover
 0000:1000 idle  __AHINCR
 0000:10B0       _free
 0000:10B0 idle  _farfree
 0000:11BA       _malloc
 0000:11C4 idle  _farmalloc
 0000:1321 idle  _realloc
 0000:1328 idle  _farrealloc
 0000:1418       __brk
 0000:1457       __sbrk
 0000:14E2       _getch
 0000:14FB idle  __Ngetche
 0000:14FE idle  _getche
 0000:151F idle  __Nungetch
 0000:1522 idle  _ungetch
 0000:1540       _gettext
 0000:1596       _puttext
 0000:15EC       _kbhit
 0000:15FE       _movetext
 0000:169B       _putch
 0000:16B2       __REALCVT
 0000:17EC       __SCREENIO
 0000:1828       __VALIDATEXY
 0000:189F       __SCROLL
 0000:1A0B       _setblock
 0000:1A27       _setjmp
 0000:1A5D       _longjmp
 0000:1A91       __wherexy
 0000:1A9B idle  _wherex
 0000:1AAA idle  _wherey
 0000:1ABD       _fflush
 0000:1B8A       _flushall
 0000:1C4E       _fseek
 0000:1CCE idle  _ftell
 0000:1DAE       _memcpy
 0000:1DD2       _setvbuf
 0000:1F2F       _sprintf
 0000:1F51 idle  _vsprintf
 0000:1F72       ___write
 0000:20C3       __write
 0000:20FF       __xfflush
 0213:0007       _main
 0213:005B idle  _TaskStart
 0213:03F2 idle  _PeriodicTask
 0263:0000       _OSStartHighRdy
 0263:001E       _OSCtxSw
 0263:0059       _OSIntCtxSw
 0263:0086       _OSTickISR
 0270:0006       _OSInitHookBegin
 0270:0007       _OSInitHookEnd
 0270:0008       _OSTaskCreateHook
 0270:000D       _OSTaskDelHook
 0270:0012       _OSTaskIdleHook
 0270:0013       _OSTaskStatHook
 0270:0014       _OSTaskStkInit
 0270:00FA idle  _OSTaskStkInit_FPE_x86
 0270:01D5       _OSTaskSwHook
 0270:01D6       _OSTCBInitHook
 0270:01DB       _OSTimeTickHook
 028D:000C idle  _PC_DispChar
 028D:004A idle  _PC_DispClrCol
 028D:0090 idle  _PC_DispClrRow
 028D:00C9       _PC_DispClrScr
 028D:00FA       _PC_DispStr
 028D:0149       _PC_DOSReturn
 028D:015D       _PC_DOSSaveReturn
 028D:01CB idle  _PC_ElapsedInit
 028D:01DF idle  _PC_ElapsedStart
 028D:0205 idle  _PC_ElapsedStop
 028D:0256 idle  _PC_GetDateTime
 028D:02A9       _PC_GetKey
 028D:02D0       _PC_SetTickRate
 028D:031D idle  _PC_VectGet
 028D:0354       _PC_VectSet
 02C5:0009       _OSInit
 02C5:0041 idle  _OSIntEnter
 02C5:0054       _OSIntExit
 02C5:0126 idle  _OSSchedLock
 02C5:013C idle  _OSSchedUnlock
 02C5:0169       _OSStart
 02C5:01C8       _OSStatInit
 02C5:0202       _OSTimeTick
 02C5:029E idle  _OSVersion
 02C5:02A2 idle  _OS_Dummy
 02C5:02A3 idle  _OS_EventTaskRdy
 02C5:036D idle  _OS_EventTaskWait
 02C5:03DA idle  _OS_EventTO
 02C5:042E idle  _OS_EventWaitListInit
 02C5:0628 idle  _OS_Sched
 02C5:06DF idle  _OS_TaskIdle
 02C5:0704 idle  _OS_TaskStat
 02C5:07CF idle  _OS_TCBInit
 02C5:0962 idle  _OSFlagAccept
 02C5:0A94 idle  _OSFlagCreate
 02C5:0B0C idle  _OSFlagDel
 02C5:0C4E idle  _OSFlagPend
 02C5:0EA8 idle  _OSFlagPost
 02C5:1048 idle  _OSFlagQuery
 02C5:116A idle  _OS_FlagInit
 02C5:1229 idle  _OS_FlagUnlink
 02C5:12D8 idle  _OSMboxAccept
 02C5:1323 idle  _OSMboxCreate
 02C5:1398 idle  _OSMboxDel
 02C5:14B6 idle  _OSMboxPend
 02C5:15B8 idle  _OSMboxPost
 02C5:1630 idle  _OSMboxPostOpt
 02C5:16D3 idle  _OSMboxQuery
 02C5:1761 idle  _OSMemCreate
 02C5:18AC idle  _OSMemGet
 02C5:192A idle  _OSMemPut
 02C5:199A idle  _OSMemQuery
 02C5:1A43 idle  _OS_MemInit
 02C5:1AE7 idle  _OSMutexAccept
 02C5:1B72 idle  _OSMutexCreate
 02C5:1C58 idle  _OSMutexDel
 02C5:1DB2 idle  _OSMutexPend
 02C5:1F9D idle  _OSMutexPost
 02C5:2125 idle  _OSMutexQuery
 02C5:21DA idle  _OSQAccept
 02C5:227A idle  _OSQCreate
 02C5:239D idle  _OSQDel
 02C5:251A idle  _OSQFlush
 02C5:2572 idle  _OSQPend
 02C5:26B8 idle  _OSQPost
 02C5:2780 idle  _OSQPostFront
 02C5:2842 idle  _OSQPostOpt
 02C5:2980 idle  _OSQQuery
 02C5:2A55 idle  _OS_QInit
 02C5:2AA5 idle  _OSSemAccept
 02C5:2AD7       _OSSemCreate
 02C5:2B4B idle  _OSSemDel
 02C5:2C69 idle  _OSSemPend
 02C5:2D19 idle  _OSSemPost
 02C5:2D73 idle  _OSSemQuery
 02C5:2DF9 idle  _OSTaskChangePrio
 02C5:2FC5       _OSTaskCreate
 02C5:3082 idle  _OSTaskCreateExt
 02C5:3172 idle  _OSTaskDel
 02C5:3351 idle  _OSTaskDelReq
 02C5:33BD idle  _OSTaskResume
 02C5:343C idle  _OSTaskStkChk
 02C5:3521 idle  _OSTaskSuspend
 02C5:35CF idle  _OSTaskQuery
 02C5:363D       _OSTimeDly
 02C5:3684       _OSTimeDlyHMSM
 02C5:3773 idle  _OSTimeDlyResume
 02C5:37EB       _OSTimeGet
 02C5:380A idle  _OSTimeSet
 0647:0000 idle  DATASEG@
 0647:005B idle  __Int0Vector
 0647:005F idle  __Int4Vector
 0647:0063 idle  __Int5Vector
 0647:0067 idle  __Int6Vector
 0647:006B idle  __C0argc
 0647:006D idle  __C0argv
 0647:0071 idle  __C0environ
 0647:0075 idle  __envLng
 0647:0077 idle  __envseg
 0647:0079 idle  __envSize
 0647:007B       __psp
 0647:007D idle  __osversion
 0647:007D idle  __osmajor
 0647:007D idle  __version
 0647:007E idle  __osminor
 0647:007F       _errno
 0647:0081 idle  __StartTime
 0647:0085 idle  ___brklvl
 0647:0087       __heapbase
 0647:008B       __brklvl
 0647:008F       __heaptop
 0647:0094 idle  _TaskSet1
 0647:009C idle  _TaskSet2
 0647:01E6       _RowCount
 0647:01E8 idle  _OSMapTbl
 0647:01F0 idle  _OSUnMapTbl
 0647:02F0       __atexitcnt
 0647:02F2       __exitbuf
 0647:02F6 idle  __exitfopen
 0647:02FA idle  __exitopen
 0647:02FE       __streams
 0647:048E       __nfile
 0647:0490       __openfd
 0647:04B8 idle  __doserrno
 0647:04BA idle  __dosErrorToSV
 0647:0514       __stklen
 0647:057E       __wscroll
 0647:0580       __video
 0647:058F       _directvideo
 0647:05CC       __cFlag
 0647:05CD       __cChar
 0647:05D2       __RealCvtVector
 0647:05D4 idle  __ScanTodVector
 0647:05E6 idle  _GlobalStartTime
 0647:05EA idle  _RandomSem
 0647:05EE idle  _TaskData
 0647:05F0 idle  _TaskStartStk
 0647:09F0 idle  _TaskStk
 0647:11F0       _OSTickDOSCtr
 0647:11F2 idle  _PC_TickISR
 0647:120E       _OutputBuffer
 0647:12D6 idle  _OSTime
 0647:12DA idle  _OSQTbl
 0647:130A idle  _OSQFreeList
 0647:130E idle  _OSMemTbl
 0647:1372 idle  _OSMemFreeList
 0647:1376 idle  _OSTCBTbl
 0647:16A9 idle  _OSTCBPrioTbl
 0647:16DD idle  _OSTCBList
 0647:16E1       _OSTCBHighRdy
 0647:16E5 idle  _OSTCBFreeList
 0647:16E9       _OSTCBCur
 0647:16ED idle  _OSTaskIdleStk
 0647:1AED idle  _OSIdleCtr
 0647:1AF1 idle  _OSTaskCtr
 0647:1AF2       _OSRunning
 0647:1AF3 idle  _OSRdyTbl
 0647:1AF5 idle  _OSRdyGrp
 0647:1AF6       _OSPrioHighRdy
 0647:1AF7       _OSPrioCur
 0647:1AF8 idle  _OSLockNesting
 0647:1AF9 idle  _OSIntExitY
 0647:1AFA       _OSIntNesting
 0647:1AFB idle  _OSTaskStatStk
 0647:1EFB idle  _OSStatRdy
 0647:1EFC idle  _OSIdleCtrRun
 0647:1F00 idle  _OSIdleCtrMax
 0647:1F04 idle  _OSCPUUsage
 0647:1F05 idle  _OSFlagFreeList
 0647:1F09 idle  _OSFlagTbl
 0647:1F2C idle  _OSEventTbl
 0647:1F40 idle  _OSEventFreeList
 0647:1F44 idle  _OSCtxSwCtr
 0647:1F48       __atexittbl

Program entry point at 0000:0000

