
 Start  Stop   Length Name               Class

 00000H 02519H 0251AH _TEXT              CODE
 0251AH 0283DH 00324H TEST_TEXT          CODE
 0283EH 02913H 000D6H OS_CPU_A_TEXT      CODE
 02914H 02AE9H 001D6H OS_CPU_C_TEXT      CODE
 02AEAH 02E66H 0037DH PC_TEXT            CODE
 02E67H 06675H 0380FH UCOS_II_TEXT       CODE
 06680H 06680H 00000H _FARDATA           FAR_DATA
 06680H 06680H 00000H _FARBSS            FAR_BSS
 06680H 06680H 00000H _OVERLAY_          OVRINFO
 06680H 06680H 00000H _1STUB_            STUBSEG
 06680H 06BA3H 00524H _DATA              DATA
 06BA4H 06BA5H 00002H _CVTSEG            DATA
 06BA6H 06BABH 00006H _SCNSEG            DATA
 06BACH 06BACH 00000H _CONST             CONST
 06BACH 06BB7H 0000CH _INIT_             INITDATA
 06BB8H 06BB8H 00000H _INITEND_          INITDATA
 06BB8H 06BB8H 00000H _EXIT_             EXITDATA
 06BB8H 06BB8H 00000H _EXITEND_          EXITDATA
 06BB8H 08155H 0159EH _BSS               BSS
 08156H 08156H 00000H _BSSEND            BSSEND
 08160H 081DFH 00080H _STACK             STACK


Detailed map of segments

 0000:0000 0295 C=CODE   S=_TEXT          G=(none)  M=c0.ASM     ACBP=28
 0000:0295 002D C=CODE   S=_TEXT          G=(none)  M=ATEXIT     ACBP=28
 0000:02C2 0093 C=CODE   S=_TEXT          G=(none)  M=EXIT       ACBP=28
 0000:0355 0000 C=CODE   S=_TEXT          G=(none)  M=FILES      ACBP=28
 0000:0355 0000 C=CODE   S=_TEXT          G=(none)  M=FILES2     ACBP=28
 0000:0355 0017 C=CODE   S=_TEXT          G=(none)  M=F_LXMUL    ACBP=28
 0000:036C 0026 C=CODE   S=_TEXT          G=(none)  M=GETDATE    ACBP=28
 0000:0392 00AE C=CODE   S=_TEXT          G=(none)  M=H_LDIV     ACBP=28
 0000:0440 0021 C=CODE   S=_TEXT          G=(none)  M=H_LLSH     ACBP=28
 0000:0461 0021 C=CODE   S=_TEXT          G=(none)  M=H_LURSH    ACBP=28
 0000:0482 0060 C=CODE   S=_TEXT          G=(none)  M=H_PADD     ACBP=28
 0000:04E2 004B C=CODE   S=_TEXT          G=(none)  M=IOERROR    ACBP=28
 0000:052D 0011 C=CODE   S=_TEXT          G=(none)  M=ISATTY     ACBP=28
 0000:053E 00A2 C=CODE   S=_TEXT          G=(none)  M=LONGTOA    ACBP=28
 0000:05E0 0029 C=CODE   S=_TEXT          G=(none)  M=LSEEK      ACBP=28
 0000:0609 0021 C=CODE   S=_TEXT          G=(none)  M=N_PCMP     ACBP=28
 0000:062A 00BA C=CODE   S=_TEXT          G=(none)  M=SETUPIO    ACBP=28
 0000:06E4 0000 C=CODE   S=_TEXT          G=(none)  M=STKLEN     ACBP=28
 0000:06E4 04DB C=CODE   S=_TEXT          G=(none)  M=VPRINTER   ACBP=28
 0000:0BBF 009F C=CODE   S=_TEXT          G=(none)  M=VRAM       ACBP=28
 0000:0C5E 0000 C=CODE   S=_TEXT          G=(none)  M=WSCROLL    ACBP=28
 0000:0C5E 014E C=CODE   S=_TEXT          G=(none)  M=CPRINTF    ACBP=28
 0000:0DAC 01A5 C=CODE   S=_TEXT          G=(none)  M=CRTINIT    ACBP=28
 0000:0F51 001F C=CODE   S=_TEXT          G=(none)  M=CVTFAK     ACBP=28
 0000:0F70 0432 C=CODE   S=_TEXT          G=(none)  M=FARHEAP    ACBP=28
 0000:13A2 0140 C=CODE   S=_TEXT          G=(none)  M=FBRK       ACBP=28
 0000:14E2 005E C=CODE   S=_TEXT          G=(none)  M=GETCH      ACBP=28
 0000:1540 00AC C=CODE   S=_TEXT          G=(none)  M=GPTEXT     ACBP=28
 0000:15EC 0012 C=CODE   S=_TEXT          G=(none)  M=KBHIT      ACBP=28
 0000:15FE 009D C=CODE   S=_TEXT          G=(none)  M=MOVETEXT   ACBP=28
 0000:169B 0017 C=CODE   S=_TEXT          G=(none)  M=PUTCH      ACBP=28
 0000:16B2 0004 C=CODE   S=_TEXT          G=(none)  M=REALCVT    ACBP=28
 0000:16B6 01C7 C=CODE   S=_TEXT          G=(none)  M=SCREEN     ACBP=28
 0000:187D 018E C=CODE   S=_TEXT          G=(none)  M=SCROLL     ACBP=28
 0000:1A0B 001C C=CODE   S=_TEXT          G=(none)  M=SETBLOCK   ACBP=28
 0000:1A27 006A C=CODE   S=_TEXT          G=(none)  M=SETJMP     ACBP=28
 0000:1A91 002C C=CODE   S=_TEXT          G=(none)  M=WHEREXY    ACBP=28
 0000:1ABD 00CD C=CODE   S=_TEXT          G=(none)  M=FFLUSH     ACBP=28
 0000:1B8A 0042 C=CODE   S=_TEXT          G=(none)  M=FLUSHALL   ACBP=28
 0000:1BCC 01E2 C=CODE   S=_TEXT          G=(none)  M=FSEEK      ACBP=28
 0000:1DAE 0024 C=CODE   S=_TEXT          G=(none)  M=MEMCPY     ACBP=28
 0000:1DD2 001B C=CODE   S=_TEXT          G=(none)  M=PRINTF     ACBP=28
 0000:1DED 03C8 C=CODE   S=_TEXT          G=(none)  M=PUTC       ACBP=28
 0000:21B5 011D C=CODE   S=_TEXT          G=(none)  M=SETVBUF    ACBP=28
 0000:22D2 0083 C=CODE   S=_TEXT          G=(none)  M=SPRINTF    ACBP=28
 0000:2355 0151 C=CODE   S=_TEXT          G=(none)  M=WRITE      ACBP=28
 0000:24A6 003C C=CODE   S=_TEXT          G=(none)  M=WRITEA     ACBP=28
 0000:24E2 0038 C=CODE   S=_TEXT          G=(none)  M=XFFLUSH    ACBP=28
 0251:000A 0324 C=CODE   S=TEST_TEXT      G=(none)  M=test.c     ACBP=28
 0283:000E 00D6 C=CODE   S=OS_CPU_A_TEXT  G=(none)  M=\SOFTWARE\uCOS-II\Ix86L\BC45\OS_CPU_A.ASM ACBP=48
 0291:0004 01D6 C=CODE   S=OS_CPU_C_TEXT  G=(none)  M=os_cpu_c.c ACBP=28
 02AE:000A 037D C=CODE   S=PC_TEXT        G=(none)  M=pc.c       ACBP=28
 02E6:0007 380F C=CODE   S=UCOS_II_TEXT   G=(none)  M=ucos_ii.c  ACBP=28
 0668:0000 0000 C=FAR_DATA S=_FARDATA       G=(none)  M=c0.ASM     ACBP=68
 0668:0000 0000 C=FAR_BSS S=_FARBSS        G=(none)  M=c0.ASM     ACBP=68
 0668:0000 0000 C=OVRINFO S=_OVERLAY_      G=(none)  M=c0.ASM     ACBP=68
 0668:0000 0000 C=STUBSEG S=_1STUB_        G=(none)  M=c0.ASM     ACBP=68
 0668:0000 0093 C=DATA   S=_DATA          G=DGROUP  M=c0.ASM     ACBP=68
 0668:0094 0078 C=DATA   S=_DATA          G=DGROUP  M=test.c     ACBP=48
 0668:010C 0000 C=DATA   S=_DATA          G=DGROUP  M=\SOFTWARE\uCOS-II\Ix86L\BC45\OS_CPU_A.ASM ACBP=48
 0668:010C 0000 C=DATA   S=_DATA          G=DGROUP  M=os_cpu_c.c ACBP=48
 0668:010C 001F C=DATA   S=_DATA          G=DGROUP  M=pc.c       ACBP=48
 0668:012C 0113 C=DATA   S=_DATA          G=DGROUP  M=ucos_ii.c  ACBP=48
 0668:0240 0002 C=DATA   S=_DATA          G=DGROUP  M=ATEXIT     ACBP=48
 0668:0242 000C C=DATA   S=_DATA          G=DGROUP  M=EXIT       ACBP=48
 0668:024E 0190 C=DATA   S=_DATA          G=DGROUP  M=FILES      ACBP=48
 0668:03DE 002A C=DATA   S=_DATA          G=DGROUP  M=FILES2     ACBP=48
 0668:0408 0000 C=DATA   S=_DATA          G=DGROUP  M=F_LXMUL    ACBP=48
 0668:0408 0000 C=DATA   S=_DATA          G=DGROUP  M=GETDATE    ACBP=48
 0668:0408 0000 C=DATA   S=_DATA          G=DGROUP  M=H_LDIV     ACBP=48
 0668:0408 0000 C=DATA   S=_DATA          G=DGROUP  M=H_LLSH     ACBP=48
 0668:0408 0000 C=DATA   S=_DATA          G=DGROUP  M=H_LURSH    ACBP=48
 0668:0408 0000 C=DATA   S=_DATA          G=DGROUP  M=H_PADD     ACBP=48
 0668:0408 005B C=DATA   S=_DATA          G=DGROUP  M=IOERROR    ACBP=48
 0668:0464 0000 C=DATA   S=_DATA          G=DGROUP  M=ISATTY     ACBP=48
 0668:0464 0000 C=DATA   S=_DATA          G=DGROUP  M=LONGTOA    ACBP=48
 0668:0464 0000 C=DATA   S=_DATA          G=DGROUP  M=LSEEK      ACBP=48
 0668:0464 0000 C=DATA   S=_DATA          G=DGROUP  M=N_PCMP     ACBP=48
 0668:0464 0000 C=DATA   S=_DATA          G=DGROUP  M=SETUPIO    ACBP=48
 0668:0464 0002 C=DATA   S=_DATA          G=DGROUP  M=STKLEN     ACBP=48
 0668:0466 0067 C=DATA   S=_DATA          G=DGROUP  M=VPRINTER   ACBP=48
 0668:04CE 0000 C=DATA   S=_DATA          G=DGROUP  M=VRAM       ACBP=48
 0668:04CE 0002 C=DATA   S=_DATA          G=DGROUP  M=WSCROLL    ACBP=48
 0668:04D0 0000 C=DATA   S=_DATA          G=DGROUP  M=CPRINTF    ACBP=48
 0668:04D0 0018 C=DATA   S=_DATA          G=DGROUP  M=CRTINIT    ACBP=48
 0668:04E8 0031 C=DATA   S=_DATA          G=DGROUP  M=CVTFAK     ACBP=48
 0668:051A 0000 C=DATA   S=_DATA          G=DGROUP  M=FARHEAP    ACBP=48
 0668:051A 0002 C=DATA   S=_DATA          G=DGROUP  M=FBRK       ACBP=48
 0668:051C 0000 C=DATA   S=_DATA          G=DGROUP  M=GETCH      ACBP=48
 0668:051C 0000 C=DATA   S=_DATA          G=DGROUP  M=GPTEXT     ACBP=48
 0668:051C 0002 C=DATA   S=_DATA          G=DGROUP  M=KBHIT      ACBP=48
 0668:051E 0000 C=DATA   S=_DATA          G=DGROUP  M=MOVETEXT   ACBP=48
 0668:051E 0000 C=DATA   S=_DATA          G=DGROUP  M=PUTCH      ACBP=48
 0668:051E 0000 C=DATA   S=_DATA          G=DGROUP  M=REALCVT    ACBP=48
 0668:051E 0000 C=DATA   S=_DATA          G=DGROUP  M=SCREEN     ACBP=48
 0668:051E 0000 C=DATA   S=_DATA          G=DGROUP  M=SCROLL     ACBP=48
 0668:051E 0000 C=DATA   S=_DATA          G=DGROUP  M=SETBLOCK   ACBP=48
 0668:051E 0000 C=DATA   S=_DATA          G=DGROUP  M=SETJMP     ACBP=48
 0668:051E 0000 C=DATA   S=_DATA          G=DGROUP  M=WHEREXY    ACBP=48
 0668:051E 0000 C=DATA   S=_DATA          G=DGROUP  M=FFLUSH     ACBP=48
 0668:051E 0000 C=DATA   S=_DATA          G=DGROUP  M=FLUSHALL   ACBP=48
 0668:051E 0000 C=DATA   S=_DATA          G=DGROUP  M=FSEEK      ACBP=48
 0668:051E 0000 C=DATA   S=_DATA          G=DGROUP  M=MEMCPY     ACBP=48
 0668:051E 0000 C=DATA   S=_DATA          G=DGROUP  M=PRINTF     ACBP=48
 0668:051E 0001 C=DATA   S=_DATA          G=DGROUP  M=PUTC       ACBP=48
 0668:0520 0004 C=DATA   S=_DATA          G=DGROUP  M=SETVBUF    ACBP=48
 0668:0524 0000 C=DATA   S=_DATA          G=DGROUP  M=SPRINTF    ACBP=48
 0668:0524 0000 C=DATA   S=_DATA          G=DGROUP  M=WRITE      ACBP=48
 0668:0524 0000 C=DATA   S=_DATA          G=DGROUP  M=WRITEA     ACBP=48
 0668:0524 0000 C=DATA   S=_DATA          G=DGROUP  M=XFFLUSH    ACBP=48
 0668:0524 0000 C=DATA   S=_CVTSEG        G=DGROUP  M=c0.ASM     ACBP=48
 0668:0524 0002 C=DATA   S=_CVTSEG        G=DGROUP  M=CVTFAK     ACBP=48
 0668:0526 0000 C=DATA   S=_CVTSEG        G=DGROUP  M=REALCVT    ACBP=48
 0668:0526 0000 C=DATA   S=_SCNSEG        G=DGROUP  M=c0.ASM     ACBP=48
 0668:0526 0006 C=DATA   S=_SCNSEG        G=DGROUP  M=CVTFAK     ACBP=48
 0668:052C 0000 C=CONST  S=_CONST         G=DGROUP  M=c0.ASM     ACBP=48
 0668:052C 0000 C=INITDATA S=_INIT_         G=DGROUP  M=c0.ASM     ACBP=48
 0668:052C 0006 C=INITDATA S=_INIT_         G=DGROUP  M=SETUPIO    ACBP=48
 0668:0532 0006 C=INITDATA S=_INIT_         G=DGROUP  M=CRTINIT    ACBP=48
 0668:0538 0000 C=INITDATA S=_INITEND_      G=DGROUP  M=c0.ASM     ACBP=28
 0668:0538 0000 C=EXITDATA S=_EXIT_         G=DGROUP  M=c0.ASM     ACBP=48
 0668:0538 0000 C=EXITDATA S=_EXITEND_      G=DGROUP  M=c0.ASM     ACBP=28
 0668:0538 0000 C=BSS    S=_BSS           G=DGROUP  M=c0.ASM     ACBP=48
 0668:0538 0C0C C=BSS    S=_BSS           G=DGROUP  M=test.c     ACBP=48
 0668:1144 0001 C=BSS    S=_BSS           G=DGROUP  M=os_cpu_c.c ACBP=48
 0668:1146 001B C=BSS    S=_BSS           G=DGROUP  M=pc.c       ACBP=48
 0668:1162 08F1 C=BSS    S=_BSS           G=DGROUP  M=ucos_ii.c  ACBP=48
 0668:1A54 0080 C=BSS    S=_BSS           G=DGROUP  M=ATEXIT     ACBP=48
 0668:1AD4 0000 C=BSS    S=_BSS           G=DGROUP  M=IOERROR    ACBP=48
 0668:1AD4 0000 C=BSS    S=_BSS           G=DGROUP  M=ISATTY     ACBP=48
 0668:1AD4 0000 C=BSS    S=_BSS           G=DGROUP  M=LONGTOA    ACBP=48
 0668:1AD4 0000 C=BSS    S=_BSS           G=DGROUP  M=LSEEK      ACBP=48
 0668:1AD4 0000 C=BSS    S=_BSS           G=DGROUP  M=SETUPIO    ACBP=48
 0668:1AD4 0000 C=BSS    S=_BSS           G=DGROUP  M=VPRINTER   ACBP=48
 0668:1AD4 0000 C=BSS    S=_BSS           G=DGROUP  M=VRAM       ACBP=48
 0668:1AD4 0000 C=BSS    S=_BSS           G=DGROUP  M=CRTINIT    ACBP=48
 0668:1AD4 0000 C=BSS    S=_BSS           G=DGROUP  M=GETCH      ACBP=48
 0668:1AD4 0000 C=BSS    S=_BSS           G=DGROUP  M=KBHIT      ACBP=48
 0668:1AD4 0000 C=BSS    S=_BSS           G=DGROUP  M=SETBLOCK   ACBP=48
 0668:1AD4 0000 C=BSS    S=_BSS           G=DGROUP  M=SETJMP     ACBP=48
 0668:1AD4 0000 C=BSS    S=_BSS           G=DGROUP  M=MEMCPY     ACBP=48
 0668:1AD4 0001 C=BSS    S=_BSS           G=DGROUP  M=PUTC       ACBP=48
 0668:1AD6 0000 C=BSS    S=_BSS           G=DGROUP  M=WRITEA     ACBP=48
 0668:1AD6 0000 C=BSSEND S=_BSSEND        G=DGROUP  M=c0.ASM     ACBP=28
 0816:0000 0080 C=STACK  S=_STACK         G=(none)  M=c0.ASM     ACBP=74

  Address         Publics by Name

 0668:0000 idle  DATASEG@
 0000:0291 idle  DGROUP@
 0000:0395 idle  F_LDIV@
 0000:03A4 idle  F_LMOD@
 0000:039C       F_LUDIV@
 0000:03AC idle  F_LUMOD@
 0000:0443       F_LXLSH@
 0000:0355       F_LXMUL@
 0000:0464       F_LXURSH@
 0000:0485 idle  F_PADD@
 0000:04B4 idle  F_PSUB@
 0000:0395 idle  LDIV@
 0000:03A4 idle  LMOD@
 0000:039C idle  LUDIV@
 0000:03AC idle  LUMOD@
 0000:0443 idle  LXLSH@
 0000:0355 idle  LXMUL@
 0000:0464 idle  LXURSH@
 0000:0392 idle  N_LDIV@
 0000:03A1 idle  N_LMOD@
 0000:0399 idle  N_LUDIV@
 0000:03A9 idle  N_LUMOD@
 0000:0440       N_LXLSH@
 0000:0461 idle  N_LXURSH@
 0000:0482       N_PADD@
 0000:0609       N_PCMP@
 0000:04B1 idle  N_PSUB@
 0000:0485 idle  PADD@
 0000:04B4 idle  PSUB@
 0000:027A       _abort
 0000:0295 idle  _atexit
 0000:0D90 idle  _cprintf
 0668:04DF       _directvideo
 0668:007F       _errno
 0000:031A       _exit
 0000:10B0 idle  _farfree
 0000:11C4 idle  _farmalloc
 0000:1328 idle  _farrealloc
 0000:1ABD       _fflush
 0000:1B8A       _flushall
 0000:1E09 idle  _fputc
 0000:1F9E idle  _fputchar
 0000:10B0       _free
 0000:1C4E       _fseek
 0000:1CCE idle  _ftell
 0000:14E2       _getch
 0000:14FE idle  _getche
 0000:036C       _getdate
 0000:1540       _gettext
 0000:037F       _gettime
 0668:053A idle  _GlobalStartTime
 0000:052D       _isatty
 0000:15EC       _kbhit
 0000:1A5D       _longjmp
 0000:05E0       _lseek
 0251:000A       _main
 0000:11BA       _malloc
 0000:1DAE       _memcpy
 0000:15FE       _movetext
 0283:002C       _OSCtxSw
 0668:1A4F idle  _OSCtxSwCtr
 0668:1A4B idle  _OSEventFreeList
 0668:1A37 idle  _OSEventTbl
 02E6:0932 idle  _OSFlagAccept
 02E6:0A64 idle  _OSFlagCreate
 02E6:0ADC idle  _OSFlagDel
 0668:1A10 idle  _OSFlagFreeList
 02E6:0C1E idle  _OSFlagPend
 02E6:0E78 idle  _OSFlagPost
 02E6:1018 idle  _OSFlagQuery
 0668:1A14 idle  _OSFlagTbl
 0668:1A02 idle  _OSIdleCtr
 02E6:0007       _OSInit
 0291:0004       _OSInitHookBegin
 0291:0005       _OSInitHookEnd
 0283:0067       _OSIntCtxSw
 02E6:003A idle  _OSIntEnter
 02E6:004D       _OSIntExit
 0668:1A0E idle  _OSIntExitY
 0668:1A0F       _OSIntNesting
 0668:1A0D idle  _OSLockNesting
 0668:012E idle  _OSMapTbl
 02E6:12A8 idle  _OSMboxAccept
 02E6:12F3 idle  _OSMboxCreate
 02E6:1368 idle  _OSMboxDel
 02E6:1486 idle  _OSMboxPend
 02E6:1588 idle  _OSMboxPost
 02E6:1600 idle  _OSMboxPostOpt
 02E6:16A3 idle  _OSMboxQuery
 02E6:1731 idle  _OSMemCreate
 0668:12C6 idle  _OSMemFreeList
 02E6:187C idle  _OSMemGet
 02E6:18FA idle  _OSMemPut
 02E6:196A idle  _OSMemQuery
 0668:1262 idle  _OSMemTbl
 02E6:1AB7 idle  _OSMutexAccept
 02E6:1B42 idle  _OSMutexCreate
 02E6:1C28 idle  _OSMutexDel
 02E6:1D82 idle  _OSMutexPend
 02E6:1F6D idle  _OSMutexPost
 02E6:20F5 idle  _OSMutexQuery
 0668:1A0C       _OSPrioCur
 0668:1A0B       _OSPrioHighRdy
 02E6:21AA idle  _OSQAccept
 02E6:224A idle  _OSQCreate
 02E6:236D idle  _OSQDel
 02E6:24EA idle  _OSQFlush
 0668:125E idle  _OSQFreeList
 02E6:2542 idle  _OSQPend
 02E6:2688 idle  _OSQPost
 02E6:2750 idle  _OSQPostFront
 02E6:2812 idle  _OSQPostOpt
 02E6:2950 idle  _OSQQuery
 0668:122E idle  _OSQTbl
 0668:1A0A idle  _OSRdyGrp
 0668:1A08 idle  _OSRdyTbl
 0668:1A07       _OSRunning
 02E6:0186 idle  _OSSchedLock
 02E6:019C idle  _OSSchedUnlock
 02E6:2A75 idle  _OSSemAccept
 02E6:2AA7       _OSSemCreate
 02E6:2B1B idle  _OSSemDel
 02E6:2C39 idle  _OSSemPend
 02E6:2CE9 idle  _OSSemPost
 02E6:2D43 idle  _OSSemQuery
 02E6:01C9       _OSStart
 0283:000E       _OSStartHighRdy
 02E6:2DC9 idle  _OSTaskChangePrio
 02E6:2F95       _OSTaskCreate
 02E6:3079 idle  _OSTaskCreateExt
 0291:0006       _OSTaskCreateHook
 0668:1A06 idle  _OSTaskCtr
 02E6:3169 idle  _OSTaskDel
 0291:000B       _OSTaskDelHook
 02E6:3348 idle  _OSTaskDelReq
 0291:0010       _OSTaskIdleHook
 0668:1602 idle  _OSTaskIdleStk
 02E6:35C6 idle  _OSTaskQuery
 02E6:33B4 idle  _OSTaskResume
 0291:0011 idle  _OSTaskStatHook
 02E6:3433 idle  _OSTaskStkChk
 0291:0012       _OSTaskStkInit
 0291:00F8 idle  _OSTaskStkInit_FPE_x86
 02E6:3518 idle  _OSTaskSuspend
 0291:01D3       _OSTaskSwHook
 0668:15FE       _OSTCBCur
 0668:15FA idle  _OSTCBFreeList
 0668:15F6       _OSTCBHighRdy
 0291:01D4       _OSTCBInitHook
 0668:15F2 idle  _OSTCBList
 0668:15BE idle  _OSTCBPrioTbl
 0668:12CA idle  _OSTCBTbl
 0668:1144       _OSTickDOSCtr
 0283:0094       _OSTickISR
 0668:122A idle  _OSTime
 02E6:3634       _OSTimeDly
 02E6:367B idle  _OSTimeDlyHMSM
 02E6:376A idle  _OSTimeDlyResume
 02E6:37E2       _OSTimeGet
 02E6:3801 idle  _OSTimeSet
 02E6:027A       _OSTimeTick
 0291:01D9       _OSTimeTickHook
 0668:0136 idle  _OSUnMapTbl
 02E6:0316 idle  _OSVersion
 02E6:031A idle  _OS_Dummy
 02E6:031B idle  _OS_EventTaskRdy
 02E6:03E5 idle  _OS_EventTaskWait
 02E6:0452 idle  _OS_EventTO
 02E6:04A6 idle  _OS_EventWaitListInit
 02E6:113A idle  _OS_FlagInit
 02E6:11F9 idle  _OS_FlagUnlink
 02E6:1A13 idle  _OS_MemInit
 02E6:2A25 idle  _OS_QInit
 02E6:0659 idle  _OS_Sched
 02E6:077A idle  _OS_TaskIdle
 02E6:079F idle  _OS_TCBInit
 0668:1162       _OutputBuffer
 02AE:000A idle  _PC_DispChar
 02AE:0048 idle  _PC_DispClrCol
 02AE:008E idle  _PC_DispClrRow
 02AE:00C7       _PC_DispClrScr
 02AE:00F8 idle  _PC_DispStr
 02AE:0147       _PC_DOSReturn
 02AE:015B       _PC_DOSSaveReturn
 02AE:01C9 idle  _PC_ElapsedInit
 02AE:01DD idle  _PC_ElapsedStart
 02AE:0203 idle  _PC_ElapsedStop
 02AE:0254 idle  _PC_GetDateTime
 02AE:02A7       _PC_GetKey
 02AE:02CE       _PC_SetTickRate
 0668:1146 idle  _PC_TickISR
 02AE:031B idle  _PC_VectGet
 02AE:0352       _PC_VectSet
 0251:01D4 idle  _PeriodicTask
 0000:1DD2       _printf
 0000:169B       _putch
 0000:1596       _puttext
 0668:053E idle  _RandomSem
 0000:1321 idle  _realloc
 0668:012C       _RowCount
 0000:1A0B       _setblock
 0000:1A27       _setjmp
 0000:21B5       _setvbuf
 0000:2312       _sprintf
 0668:0542 idle  _TaskData
 0668:0094 idle  _TaskSet1
 0668:009C idle  _TaskSet2
 0668:0544 idle  _TaskStartStk
 0668:0944 idle  _TaskStk
 0000:1522 idle  _ungetch
 0000:2334 idle  _vsprintf
 0000:1A9B idle  _wherex
 0000:1AAA idle  _wherey
 0000:1000 idle  __AHINCR
 0000:000C idle  __AHSHIFT
 0668:0240       __atexitcnt
 0668:1A54       __atexittbl
 0000:1418       __brk
 0668:008B       __brklvl
 0668:006B idle  __C0argc
 0668:006D idle  __C0argv
 0000:0E72 idle  __c0crtinit
 0668:0071 idle  __C0environ
 0668:051D       __cChar
 0000:033B idle  __cexit
 0668:051C       __cFlag
 0000:016A       __checknull
 0000:0157       __cleanup
 0000:0C5E       __CPUTN
 0000:0E8F idle  __crtinit
 0000:0000  Abs  __cvtfak
 0000:0349 idle  __c_exit
 0668:0408 idle  __doserrno
 0000:051B idle  __DOSERROR
 0668:040A idle  __dosErrorToSV
 0668:0075 idle  __envLng
 0668:0077 idle  __envseg
 0668:0079 idle  __envSize
 0000:0329       __exit
 0668:0242       __exitbuf
 0668:0246 idle  __exitfopen
 0668:024A idle  __exitopen
 0000:1DED idle  __fputc
 0000:1FB2       __FPUTN
 0668:0087       __heapbase
 0668:008F       __heaptop
 0668:005B idle  __Int0Vector
 0668:005F idle  __Int4Vector
 0668:0063 idle  __Int5Vector
 0668:0067 idle  __Int6Vector
 0000:04E2       __IOERROR
 0000:053E       __LONGTOA
 0000:0293 idle  __MMODEL
 0668:03DE       __nfile
 0000:14FB idle  __Ngetche
 0000:151F idle  __Nungetch
 0668:03E0       __openfd
 0668:007D idle  __osmajor
 0668:007E idle  __osminor
 0668:007D idle  __osversion
 0668:007B       __psp
 0000:16B2       __REALCVT
 0668:0524       __RealCvtVector
 0000:01C0       __restorezero
 0000:1457       __sbrk
 0668:0526 idle  __ScanTodVector
 0000:17EC       __SCREENIO
 0000:189F       __SCROLL
 0000:062A       __setupio
 0668:0081 idle  __StartTime
 0668:0464       __stklen
 0668:024E       __streams
 0000:016B       __terminate
 0000:0000 idle  __turboCrt
 0000:05C0 idle  __UTOA
 0000:1828       __VALIDATEXY
 0668:007D idle  __version
 0668:04D0       __video
 0000:0DE7       __VideoInt
 0000:06FC       __VPRINTER
 0000:0BBF       __VPTR
 0000:0BE4       __VRAM
 0000:1A91       __wherexy
 0000:24A6       __write
 0668:04CE       __wscroll
 0000:24E2       __xfflush
 0668:0085 idle  ___brklvl
 0000:0F70 idle  ___first
 0000:0F72 idle  ___last
 0000:0F74 idle  ___rover
 0000:2355       ___write

  Address         Publics by Value

 0000:0000 idle  __turboCrt
 0000:0000  Abs  __cvtfak
 0000:000C idle  __AHSHIFT
 0000:0157       __cleanup
 0000:016A       __checknull
 0000:016B       __terminate
 0000:01C0       __restorezero
 0000:027A       _abort
 0000:0291 idle  DGROUP@
 0000:0293 idle  __MMODEL
 0000:0295 idle  _atexit
 0000:031A       _exit
 0000:0329       __exit
 0000:033B idle  __cexit
 0000:0349 idle  __c_exit
 0000:0355       F_LXMUL@
 0000:0355 idle  LXMUL@
 0000:036C       _getdate
 0000:037F       _gettime
 0000:0392 idle  N_LDIV@
 0000:0395 idle  LDIV@
 0000:0395 idle  F_LDIV@
 0000:0399 idle  N_LUDIV@
 0000:039C       F_LUDIV@
 0000:039C idle  LUDIV@
 0000:03A1 idle  N_LMOD@
 0000:03A4 idle  F_LMOD@
 0000:03A4 idle  LMOD@
 0000:03A9 idle  N_LUMOD@
 0000:03AC idle  LUMOD@
 0000:03AC idle  F_LUMOD@
 0000:0440       N_LXLSH@
 0000:0443       F_LXLSH@
 0000:0443 idle  LXLSH@
 0000:0461 idle  N_LXURSH@
 0000:0464       F_LXURSH@
 0000:0464 idle  LXURSH@
 0000:0482       N_PADD@
 0000:0485 idle  F_PADD@
 0000:0485 idle  PADD@
 0000:04B1 idle  N_PSUB@
 0000:04B4 idle  F_PSUB@
 0000:04B4 idle  PSUB@
 0000:04E2       __IOERROR
 0000:051B idle  __DOSERROR
 0000:052D       _isatty
 0000:053E       __LONGTOA
 0000:05C0 idle  __UTOA
 0000:05E0       _lseek
 0000:0609       N_PCMP@
 0000:062A       __setupio
 0000:06FC       __VPRINTER
 0000:0BBF       __VPTR
 0000:0BE4       __VRAM
 0000:0C5E       __CPUTN
 0000:0D90 idle  _cprintf
 0000:0DE7       __VideoInt
 0000:0E72 idle  __c0crtinit
 0000:0E8F idle  __crtinit
 0000:0F70 idle  ___first
 0000:0F72 idle  ___last
 0000:0F74 idle  ___rover
 0000:1000 idle  __AHINCR
 0000:10B0       _free
 0000:10B0 idle  _farfree
 0000:11BA       _malloc
 0000:11C4 idle  _farmalloc
 0000:1321 idle  _realloc
 0000:1328 idle  _farrealloc
 0000:1418       __brk
 0000:1457       __sbrk
 0000:14E2       _getch
 0000:14FB idle  __Ngetche
 0000:14FE idle  _getche
 0000:151F idle  __Nungetch
 0000:1522 idle  _ungetch
 0000:1540       _gettext
 0000:1596       _puttext
 0000:15EC       _kbhit
 0000:15FE       _movetext
 0000:169B       _putch
 0000:16B2       __REALCVT
 0000:17EC       __SCREENIO
 0000:1828       __VALIDATEXY
 0000:189F       __SCROLL
 0000:1A0B       _setblock
 0000:1A27       _setjmp
 0000:1A5D       _longjmp
 0000:1A91       __wherexy
 0000:1A9B idle  _wherex
 0000:1AAA idle  _wherey
 0000:1ABD       _fflush
 0000:1B8A       _flushall
 0000:1C4E       _fseek
 0000:1CCE idle  _ftell
 0000:1DAE       _memcpy
 0000:1DD2       _printf
 0000:1DED idle  __fputc
 0000:1E09 idle  _fputc
 0000:1F9E idle  _fputchar
 0000:1FB2       __FPUTN
 0000:21B5       _setvbuf
 0000:2312       _sprintf
 0000:2334 idle  _vsprintf
 0000:2355       ___write
 0000:24A6       __write
 0000:24E2       __xfflush
 0251:000A       _main
 0251:01D4 idle  _PeriodicTask
 0283:000E       _OSStartHighRdy
 0283:002C       _OSCtxSw
 0283:0067       _OSIntCtxSw
 0283:0094       _OSTickISR
 0291:0004       _OSInitHookBegin
 0291:0005       _OSInitHookEnd
 0291:0006       _OSTaskCreateHook
 0291:000B       _OSTaskDelHook
 0291:0010       _OSTaskIdleHook
 0291:0011 idle  _OSTaskStatHook
 0291:0012       _OSTaskStkInit
 0291:00F8 idle  _OSTaskStkInit_FPE_x86
 0291:01D3       _OSTaskSwHook
 0291:01D4       _OSTCBInitHook
 0291:01D9       _OSTimeTickHook
 02AE:000A idle  _PC_DispChar
 02AE:0048 idle  _PC_DispClrCol
 02AE:008E idle  _PC_DispClrRow
 02AE:00C7       _PC_DispClrScr
 02AE:00F8 idle  _PC_DispStr
 02AE:0147       _PC_DOSReturn
 02AE:015B       _PC_DOSSaveReturn
 02AE:01C9 idle  _PC_ElapsedInit
 02AE:01DD idle  _PC_ElapsedStart
 02AE:0203 idle  _PC_ElapsedStop
 02AE:0254 idle  _PC_GetDateTime
 02AE:02A7       _PC_GetKey
 02AE:02CE       _PC_SetTickRate
 02AE:031B idle  _PC_VectGet
 02AE:0352       _PC_VectSet
 02E6:0007       _OSInit
 02E6:003A idle  _OSIntEnter
 02E6:004D       _OSIntExit
 02E6:0186 idle  _OSSchedLock
 02E6:019C idle  _OSSchedUnlock
 02E6:01C9       _OSStart
 02E6:027A       _OSTimeTick
 02E6:0316 idle  _OSVersion
 02E6:031A idle  _OS_Dummy
 02E6:031B idle  _OS_EventTaskRdy
 02E6:03E5 idle  _OS_EventTaskWait
 02E6:0452 idle  _OS_EventTO
 02E6:04A6 idle  _OS_EventWaitListInit
 02E6:0659 idle  _OS_Sched
 02E6:077A idle  _OS_TaskIdle
 02E6:079F idle  _OS_TCBInit
 02E6:0932 idle  _OSFlagAccept
 02E6:0A64 idle  _OSFlagCreate
 02E6:0ADC idle  _OSFlagDel
 02E6:0C1E idle  _OSFlagPend
 02E6:0E78 idle  _OSFlagPost
 02E6:1018 idle  _OSFlagQuery
 02E6:113A idle  _OS_FlagInit
 02E6:11F9 idle  _OS_FlagUnlink
 02E6:12A8 idle  _OSMboxAccept
 02E6:12F3 idle  _OSMboxCreate
 02E6:1368 idle  _OSMboxDel
 02E6:1486 idle  _OSMboxPend
 02E6:1588 idle  _OSMboxPost
 02E6:1600 idle  _OSMboxPostOpt
 02E6:16A3 idle  _OSMboxQuery
 02E6:1731 idle  _OSMemCreate
 02E6:187C idle  _OSMemGet
 02E6:18FA idle  _OSMemPut
 02E6:196A idle  _OSMemQuery
 02E6:1A13 idle  _OS_MemInit
 02E6:1AB7 idle  _OSMutexAccept
 02E6:1B42 idle  _OSMutexCreate
 02E6:1C28 idle  _OSMutexDel
 02E6:1D82 idle  _OSMutexPend
 02E6:1F6D idle  _OSMutexPost
 02E6:20F5 idle  _OSMutexQuery
 02E6:21AA idle  _OSQAccept
 02E6:224A idle  _OSQCreate
 02E6:236D idle  _OSQDel
 02E6:24EA idle  _OSQFlush
 02E6:2542 idle  _OSQPend
 02E6:2688 idle  _OSQPost
 02E6:2750 idle  _OSQPostFront
 02E6:2812 idle  _OSQPostOpt
 02E6:2950 idle  _OSQQuery
 02E6:2A25 idle  _OS_QInit
 02E6:2A75 idle  _OSSemAccept
 02E6:2AA7       _OSSemCreate
 02E6:2B1B idle  _OSSemDel
 02E6:2C39 idle  _OSSemPend
 02E6:2CE9 idle  _OSSemPost
 02E6:2D43 idle  _OSSemQuery
 02E6:2DC9 idle  _OSTaskChangePrio
 02E6:2F95       _OSTaskCreate
 02E6:3079 idle  _OSTaskCreateExt
 02E6:3169 idle  _OSTaskDel
 02E6:3348 idle  _OSTaskDelReq
 02E6:33B4 idle  _OSTaskResume
 02E6:3433 idle  _OSTaskStkChk
 02E6:3518 idle  _OSTaskSuspend
 02E6:35C6 idle  _OSTaskQuery
 02E6:3634       _OSTimeDly
 02E6:367B idle  _OSTimeDlyHMSM
 02E6:376A idle  _OSTimeDlyResume
 02E6:37E2       _OSTimeGet
 02E6:3801 idle  _OSTimeSet
 0668:0000 idle  DATASEG@
 0668:005B idle  __Int0Vector
 0668:005F idle  __Int4Vector
 0668:0063 idle  __Int5Vector
 0668:0067 idle  __Int6Vector
 0668:006B idle  __C0argc
 0668:006D idle  __C0argv
 0668:0071 idle  __C0environ
 0668:0075 idle  __envLng
 0668:0077 idle  __envseg
 0668:0079 idle  __envSize
 0668:007B       __psp
 0668:007D idle  __osversion
 0668:007D idle  __osmajor
 0668:007D idle  __version
 0668:007E idle  __osminor
 0668:007F       _errno
 0668:0081 idle  __StartTime
 0668:0085 idle  ___brklvl
 0668:0087       __heapbase
 0668:008B       __brklvl
 0668:008F       __heaptop
 0668:0094 idle  _TaskSet1
 0668:009C idle  _TaskSet2
 0668:012C       _RowCount
 0668:012E idle  _OSMapTbl
 0668:0136 idle  _OSUnMapTbl
 0668:0240       __atexitcnt
 0668:0242       __exitbuf
 0668:0246 idle  __exitfopen
 0668:024A idle  __exitopen
 0668:024E       __streams
 0668:03DE       __nfile
 0668:03E0       __openfd
 0668:0408 idle  __doserrno
 0668:040A idle  __dosErrorToSV
 0668:0464       __stklen
 0668:04CE       __wscroll
 0668:04D0       __video
 0668:04DF       _directvideo
 0668:051C       __cFlag
 0668:051D       __cChar
 0668:0524       __RealCvtVector
 0668:0526 idle  __ScanTodVector
 0668:053A idle  _GlobalStartTime
 0668:053E idle  _RandomSem
 0668:0542 idle  _TaskData
 0668:0544 idle  _TaskStartStk
 0668:0944 idle  _TaskStk
 0668:1144       _OSTickDOSCtr
 0668:1146 idle  _PC_TickISR
 0668:1162       _OutputBuffer
 0668:122A idle  _OSTime
 0668:122E idle  _OSQTbl
 0668:125E idle  _OSQFreeList
 0668:1262 idle  _OSMemTbl
 0668:12C6 idle  _OSMemFreeList
 0668:12CA idle  _OSTCBTbl
 0668:15BE idle  _OSTCBPrioTbl
 0668:15F2 idle  _OSTCBList
 0668:15F6       _OSTCBHighRdy
 0668:15FA idle  _OSTCBFreeList
 0668:15FE       _OSTCBCur
 0668:1602 idle  _OSTaskIdleStk
 0668:1A02 idle  _OSIdleCtr
 0668:1A06 idle  _OSTaskCtr
 0668:1A07       _OSRunning
 0668:1A08 idle  _OSRdyTbl
 0668:1A0A idle  _OSRdyGrp
 0668:1A0B       _OSPrioHighRdy
 0668:1A0C       _OSPrioCur
 0668:1A0D idle  _OSLockNesting
 0668:1A0E idle  _OSIntExitY
 0668:1A0F       _OSIntNesting
 0668:1A10 idle  _OSFlagFreeList
 0668:1A14 idle  _OSFlagTbl
 0668:1A37 idle  _OSEventTbl
 0668:1A4B idle  _OSEventFreeList
 0668:1A4F idle  _OSCtxSwCtr
 0668:1A54       __atexittbl

Program entry point at 0000:0000

