
 Start  Stop   Length Name               Class

 00000H 02519H 0251AH _TEXT              CODE
 0251AH 0271FH 00206H TEST_TEXT          CODE
 02720H 027F5H 000D6H OS_CPU_A_TEXT      CODE
 027F6H 029CBH 001D6H OS_CPU_C_TEXT      CODE
 029CCH 02D48H 0037DH PC_TEXT            CODE
 02D49H 0643EH 036F6H UCOS_II_TEXT       CODE
 06440H 06440H 00000H _FARDATA           FAR_DATA
 06440H 06440H 00000H _FARBSS            FAR_BSS
 06440H 06440H 00000H _OVERLAY_          OVRINFO
 06440H 06440H 00000H _1STUB_            STUBSEG
 06440H 0710BH 00CCCH _DATA              DATA
 0710CH 0710DH 00002H _CVTSEG            DATA
 0710EH 07113H 00006H _SCNSEG            DATA
 07114H 07114H 00000H _CONST             CONST
 07114H 0711FH 0000CH _INIT_             INITDATA
 07120H 07120H 00000H _INITEND_          INITDATA
 07120H 07120H 00000H _EXIT_             EXITDATA
 07120H 07120H 00000H _EXITEND_          EXITDATA
 07120H 085F5H 014D6H _BSS               BSS
 085F6H 085F6H 00000H _BSSEND            BSSEND
 08600H 0867FH 00080H _STACK             STACK


Detailed map of segments

 0000:0000 0295 C=CODE   S=_TEXT          G=(none)  M=c0.ASM     ACBP=28
 0000:0295 002D C=CODE   S=_TEXT          G=(none)  M=ATEXIT     ACBP=28
 0000:02C2 0093 C=CODE   S=_TEXT          G=(none)  M=EXIT       ACBP=28
 0000:0355 0000 C=CODE   S=_TEXT          G=(none)  M=FILES      ACBP=28
 0000:0355 0000 C=CODE   S=_TEXT          G=(none)  M=FILES2     ACBP=28
 0000:0355 0017 C=CODE   S=_TEXT          G=(none)  M=F_LXMUL    ACBP=28
 0000:036C 0026 C=CODE   S=_TEXT          G=(none)  M=GETDATE    ACBP=28
 0000:0392 00AE C=CODE   S=_TEXT          G=(none)  M=H_LDIV     ACBP=28
 0000:0440 0021 C=CODE   S=_TEXT          G=(none)  M=H_LLSH     ACBP=28
 0000:0461 0021 C=CODE   S=_TEXT          G=(none)  M=H_LURSH    ACBP=28
 0000:0482 0060 C=CODE   S=_TEXT          G=(none)  M=H_PADD     ACBP=28
 0000:04E2 004B C=CODE   S=_TEXT          G=(none)  M=IOERROR    ACBP=28
 0000:052D 0011 C=CODE   S=_TEXT          G=(none)  M=ISATTY     ACBP=28
 0000:053E 00A2 C=CODE   S=_TEXT          G=(none)  M=LONGTOA    ACBP=28
 0000:05E0 0029 C=CODE   S=_TEXT          G=(none)  M=LSEEK      ACBP=28
 0000:0609 0021 C=CODE   S=_TEXT          G=(none)  M=N_PCMP     ACBP=28
 0000:062A 00BA C=CODE   S=_TEXT          G=(none)  M=SETUPIO    ACBP=28
 0000:06E4 0000 C=CODE   S=_TEXT          G=(none)  M=STKLEN     ACBP=28
 0000:06E4 04DB C=CODE   S=_TEXT          G=(none)  M=VPRINTER   ACBP=28
 0000:0BBF 009F C=CODE   S=_TEXT          G=(none)  M=VRAM       ACBP=28
 0000:0C5E 0000 C=CODE   S=_TEXT          G=(none)  M=WSCROLL    ACBP=28
 0000:0C5E 014E C=CODE   S=_TEXT          G=(none)  M=CPRINTF    ACBP=28
 0000:0DAC 01A5 C=CODE   S=_TEXT          G=(none)  M=CRTINIT    ACBP=28
 0000:0F51 001F C=CODE   S=_TEXT          G=(none)  M=CVTFAK     ACBP=28
 0000:0F70 0432 C=CODE   S=_TEXT          G=(none)  M=FARHEAP    ACBP=28
 0000:13A2 0140 C=CODE   S=_TEXT          G=(none)  M=FBRK       ACBP=28
 0000:14E2 005E C=CODE   S=_TEXT          G=(none)  M=GETCH      ACBP=28
 0000:1540 00AC C=CODE   S=_TEXT          G=(none)  M=GPTEXT     ACBP=28
 0000:15EC 0012 C=CODE   S=_TEXT          G=(none)  M=KBHIT      ACBP=28
 0000:15FE 009D C=CODE   S=_TEXT          G=(none)  M=MOVETEXT   ACBP=28
 0000:169B 0017 C=CODE   S=_TEXT          G=(none)  M=PUTCH      ACBP=28
 0000:16B2 0004 C=CODE   S=_TEXT          G=(none)  M=REALCVT    ACBP=28
 0000:16B6 01C7 C=CODE   S=_TEXT          G=(none)  M=SCREEN     ACBP=28
 0000:187D 018E C=CODE   S=_TEXT          G=(none)  M=SCROLL     ACBP=28
 0000:1A0B 001C C=CODE   S=_TEXT          G=(none)  M=SETBLOCK   ACBP=28
 0000:1A27 006A C=CODE   S=_TEXT          G=(none)  M=SETJMP     ACBP=28
 0000:1A91 002C C=CODE   S=_TEXT          G=(none)  M=WHEREXY    ACBP=28
 0000:1ABD 00CD C=CODE   S=_TEXT          G=(none)  M=FFLUSH     ACBP=28
 0000:1B8A 0042 C=CODE   S=_TEXT          G=(none)  M=FLUSHALL   ACBP=28
 0000:1BCC 01E2 C=CODE   S=_TEXT          G=(none)  M=FSEEK      ACBP=28
 0000:1DAE 0024 C=CODE   S=_TEXT          G=(none)  M=MEMCPY     ACBP=28
 0000:1DD2 001B C=CODE   S=_TEXT          G=(none)  M=PRINTF     ACBP=28
 0000:1DED 03C8 C=CODE   S=_TEXT          G=(none)  M=PUTC       ACBP=28
 0000:21B5 011D C=CODE   S=_TEXT          G=(none)  M=SETVBUF    ACBP=28
 0000:22D2 0083 C=CODE   S=_TEXT          G=(none)  M=SPRINTF    ACBP=28
 0000:2355 0151 C=CODE   S=_TEXT          G=(none)  M=WRITE      ACBP=28
 0000:24A6 003C C=CODE   S=_TEXT          G=(none)  M=WRITEA     ACBP=28
 0000:24E2 0038 C=CODE   S=_TEXT          G=(none)  M=XFFLUSH    ACBP=28
 0251:000A 0206 C=CODE   S=TEST_TEXT      G=(none)  M=test.c     ACBP=28
 0272:0000 00D6 C=CODE   S=OS_CPU_A_TEXT  G=(none)  M=\SOFTWARE\uCOS-II\Ix86L\BC45\OS_CPU_A.ASM ACBP=48
 027F:0006 01D6 C=CODE   S=OS_CPU_C_TEXT  G=(none)  M=os_cpu_c.c ACBP=28
 029C:000C 037D C=CODE   S=PC_TEXT        G=(none)  M=pc.c       ACBP=28
 02D4:0009 36F6 C=CODE   S=UCOS_II_TEXT   G=(none)  M=ucos_ii.c  ACBP=28
 0644:0000 0000 C=FAR_DATA S=_FARDATA       G=(none)  M=c0.ASM     ACBP=68
 0644:0000 0000 C=FAR_BSS S=_FARBSS        G=(none)  M=c0.ASM     ACBP=68
 0644:0000 0000 C=OVRINFO S=_OVERLAY_      G=(none)  M=c0.ASM     ACBP=68
 0644:0000 0000 C=STUBSEG S=_1STUB_        G=(none)  M=c0.ASM     ACBP=68
 0644:0000 0093 C=DATA   S=_DATA          G=DGROUP  M=c0.ASM     ACBP=68
 0644:0094 002D C=DATA   S=_DATA          G=DGROUP  M=test.c     ACBP=48
 0644:00C2 0000 C=DATA   S=_DATA          G=DGROUP  M=\SOFTWARE\uCOS-II\Ix86L\BC45\OS_CPU_A.ASM ACBP=48
 0644:00C2 0000 C=DATA   S=_DATA          G=DGROUP  M=os_cpu_c.c ACBP=48
 0644:00C2 001F C=DATA   S=_DATA          G=DGROUP  M=pc.c       ACBP=48
 0644:00E2 0905 C=DATA   S=_DATA          G=DGROUP  M=ucos_ii.c  ACBP=48
 0644:09E8 0002 C=DATA   S=_DATA          G=DGROUP  M=ATEXIT     ACBP=48
 0644:09EA 000C C=DATA   S=_DATA          G=DGROUP  M=EXIT       ACBP=48
 0644:09F6 0190 C=DATA   S=_DATA          G=DGROUP  M=FILES      ACBP=48
 0644:0B86 002A C=DATA   S=_DATA          G=DGROUP  M=FILES2     ACBP=48
 0644:0BB0 0000 C=DATA   S=_DATA          G=DGROUP  M=F_LXMUL    ACBP=48
 0644:0BB0 0000 C=DATA   S=_DATA          G=DGROUP  M=GETDATE    ACBP=48
 0644:0BB0 0000 C=DATA   S=_DATA          G=DGROUP  M=H_LDIV     ACBP=48
 0644:0BB0 0000 C=DATA   S=_DATA          G=DGROUP  M=H_LLSH     ACBP=48
 0644:0BB0 0000 C=DATA   S=_DATA          G=DGROUP  M=H_LURSH    ACBP=48
 0644:0BB0 0000 C=DATA   S=_DATA          G=DGROUP  M=H_PADD     ACBP=48
 0644:0BB0 005B C=DATA   S=_DATA          G=DGROUP  M=IOERROR    ACBP=48
 0644:0C0C 0000 C=DATA   S=_DATA          G=DGROUP  M=ISATTY     ACBP=48
 0644:0C0C 0000 C=DATA   S=_DATA          G=DGROUP  M=LONGTOA    ACBP=48
 0644:0C0C 0000 C=DATA   S=_DATA          G=DGROUP  M=LSEEK      ACBP=48
 0644:0C0C 0000 C=DATA   S=_DATA          G=DGROUP  M=N_PCMP     ACBP=48
 0644:0C0C 0000 C=DATA   S=_DATA          G=DGROUP  M=SETUPIO    ACBP=48
 0644:0C0C 0002 C=DATA   S=_DATA          G=DGROUP  M=STKLEN     ACBP=48
 0644:0C0E 0067 C=DATA   S=_DATA          G=DGROUP  M=VPRINTER   ACBP=48
 0644:0C76 0000 C=DATA   S=_DATA          G=DGROUP  M=VRAM       ACBP=48
 0644:0C76 0002 C=DATA   S=_DATA          G=DGROUP  M=WSCROLL    ACBP=48
 0644:0C78 0000 C=DATA   S=_DATA          G=DGROUP  M=CPRINTF    ACBP=48
 0644:0C78 0018 C=DATA   S=_DATA          G=DGROUP  M=CRTINIT    ACBP=48
 0644:0C90 0031 C=DATA   S=_DATA          G=DGROUP  M=CVTFAK     ACBP=48
 0644:0CC2 0000 C=DATA   S=_DATA          G=DGROUP  M=FARHEAP    ACBP=48
 0644:0CC2 0002 C=DATA   S=_DATA          G=DGROUP  M=FBRK       ACBP=48
 0644:0CC4 0000 C=DATA   S=_DATA          G=DGROUP  M=GETCH      ACBP=48
 0644:0CC4 0000 C=DATA   S=_DATA          G=DGROUP  M=GPTEXT     ACBP=48
 0644:0CC4 0002 C=DATA   S=_DATA          G=DGROUP  M=KBHIT      ACBP=48
 0644:0CC6 0000 C=DATA   S=_DATA          G=DGROUP  M=MOVETEXT   ACBP=48
 0644:0CC6 0000 C=DATA   S=_DATA          G=DGROUP  M=PUTCH      ACBP=48
 0644:0CC6 0000 C=DATA   S=_DATA          G=DGROUP  M=REALCVT    ACBP=48
 0644:0CC6 0000 C=DATA   S=_DATA          G=DGROUP  M=SCREEN     ACBP=48
 0644:0CC6 0000 C=DATA   S=_DATA          G=DGROUP  M=SCROLL     ACBP=48
 0644:0CC6 0000 C=DATA   S=_DATA          G=DGROUP  M=SETBLOCK   ACBP=48
 0644:0CC6 0000 C=DATA   S=_DATA          G=DGROUP  M=SETJMP     ACBP=48
 0644:0CC6 0000 C=DATA   S=_DATA          G=DGROUP  M=WHEREXY    ACBP=48
 0644:0CC6 0000 C=DATA   S=_DATA          G=DGROUP  M=FFLUSH     ACBP=48
 0644:0CC6 0000 C=DATA   S=_DATA          G=DGROUP  M=FLUSHALL   ACBP=48
 0644:0CC6 0000 C=DATA   S=_DATA          G=DGROUP  M=FSEEK      ACBP=48
 0644:0CC6 0000 C=DATA   S=_DATA          G=DGROUP  M=MEMCPY     ACBP=48
 0644:0CC6 0000 C=DATA   S=_DATA          G=DGROUP  M=PRINTF     ACBP=48
 0644:0CC6 0001 C=DATA   S=_DATA          G=DGROUP  M=PUTC       ACBP=48
 0644:0CC8 0004 C=DATA   S=_DATA          G=DGROUP  M=SETVBUF    ACBP=48
 0644:0CCC 0000 C=DATA   S=_DATA          G=DGROUP  M=SPRINTF    ACBP=48
 0644:0CCC 0000 C=DATA   S=_DATA          G=DGROUP  M=WRITE      ACBP=48
 0644:0CCC 0000 C=DATA   S=_DATA          G=DGROUP  M=WRITEA     ACBP=48
 0644:0CCC 0000 C=DATA   S=_DATA          G=DGROUP  M=XFFLUSH    ACBP=48
 0644:0CCC 0000 C=DATA   S=_CVTSEG        G=DGROUP  M=c0.ASM     ACBP=48
 0644:0CCC 0002 C=DATA   S=_CVTSEG        G=DGROUP  M=CVTFAK     ACBP=48
 0644:0CCE 0000 C=DATA   S=_CVTSEG        G=DGROUP  M=REALCVT    ACBP=48
 0644:0CCE 0000 C=DATA   S=_SCNSEG        G=DGROUP  M=c0.ASM     ACBP=48
 0644:0CCE 0006 C=DATA   S=_SCNSEG        G=DGROUP  M=CVTFAK     ACBP=48
 0644:0CD4 0000 C=CONST  S=_CONST         G=DGROUP  M=c0.ASM     ACBP=48
 0644:0CD4 0000 C=INITDATA S=_INIT_         G=DGROUP  M=c0.ASM     ACBP=48
 0644:0CD4 0006 C=INITDATA S=_INIT_         G=DGROUP  M=SETUPIO    ACBP=48
 0644:0CDA 0006 C=INITDATA S=_INIT_         G=DGROUP  M=CRTINIT    ACBP=48
 0644:0CE0 0000 C=INITDATA S=_INITEND_      G=DGROUP  M=c0.ASM     ACBP=28
 0644:0CE0 0000 C=EXITDATA S=_EXIT_         G=DGROUP  M=c0.ASM     ACBP=48
 0644:0CE0 0000 C=EXITDATA S=_EXITEND_      G=DGROUP  M=c0.ASM     ACBP=28
 0644:0CE0 0000 C=BSS    S=_BSS           G=DGROUP  M=c0.ASM     ACBP=48
 0644:0CE0 0C0C C=BSS    S=_BSS           G=DGROUP  M=test.c     ACBP=48
 0644:18EC 0001 C=BSS    S=_BSS           G=DGROUP  M=os_cpu_c.c ACBP=48
 0644:18EE 001B C=BSS    S=_BSS           G=DGROUP  M=pc.c       ACBP=48
 0644:190A 0829 C=BSS    S=_BSS           G=DGROUP  M=ucos_ii.c  ACBP=48
 0644:2134 0080 C=BSS    S=_BSS           G=DGROUP  M=ATEXIT     ACBP=48
 0644:21B4 0000 C=BSS    S=_BSS           G=DGROUP  M=IOERROR    ACBP=48
 0644:21B4 0000 C=BSS    S=_BSS           G=DGROUP  M=ISATTY     ACBP=48
 0644:21B4 0000 C=BSS    S=_BSS           G=DGROUP  M=LONGTOA    ACBP=48
 0644:21B4 0000 C=BSS    S=_BSS           G=DGROUP  M=LSEEK      ACBP=48
 0644:21B4 0000 C=BSS    S=_BSS           G=DGROUP  M=SETUPIO    ACBP=48
 0644:21B4 0000 C=BSS    S=_BSS           G=DGROUP  M=VPRINTER   ACBP=48
 0644:21B4 0000 C=BSS    S=_BSS           G=DGROUP  M=VRAM       ACBP=48
 0644:21B4 0000 C=BSS    S=_BSS           G=DGROUP  M=CRTINIT    ACBP=48
 0644:21B4 0000 C=BSS    S=_BSS           G=DGROUP  M=GETCH      ACBP=48
 0644:21B4 0000 C=BSS    S=_BSS           G=DGROUP  M=KBHIT      ACBP=48
 0644:21B4 0000 C=BSS    S=_BSS           G=DGROUP  M=SETBLOCK   ACBP=48
 0644:21B4 0000 C=BSS    S=_BSS           G=DGROUP  M=SETJMP     ACBP=48
 0644:21B4 0000 C=BSS    S=_BSS           G=DGROUP  M=MEMCPY     ACBP=48
 0644:21B4 0001 C=BSS    S=_BSS           G=DGROUP  M=PUTC       ACBP=48
 0644:21B6 0000 C=BSS    S=_BSS           G=DGROUP  M=WRITEA     ACBP=48
 0644:21B6 0000 C=BSSEND S=_BSSEND        G=DGROUP  M=c0.ASM     ACBP=28
 0860:0000 0080 C=STACK  S=_STACK         G=(none)  M=c0.ASM     ACBP=74

  Address         Publics by Name

 0644:0000 idle  DATASEG@
 0000:0291 idle  DGROUP@
 0000:0395 idle  F_LDIV@
 0000:03A4 idle  F_LMOD@
 0000:039C       F_LUDIV@
 0000:03AC idle  F_LUMOD@
 0000:0443       F_LXLSH@
 0000:0355       F_LXMUL@
 0000:0464       F_LXURSH@
 0000:0485 idle  F_PADD@
 0000:04B4 idle  F_PSUB@
 0000:0395 idle  LDIV@
 0000:03A4 idle  LMOD@
 0000:039C idle  LUDIV@
 0000:03AC idle  LUMOD@
 0000:0443 idle  LXLSH@
 0000:0355 idle  LXMUL@
 0000:0464 idle  LXURSH@
 0000:0392 idle  N_LDIV@
 0000:03A1 idle  N_LMOD@
 0000:0399 idle  N_LUDIV@
 0000:03A9 idle  N_LUMOD@
 0000:0440       N_LXLSH@
 0000:0461 idle  N_LXURSH@
 0000:0482       N_PADD@
 0000:0609       N_PCMP@
 0000:04B1 idle  N_PSUB@
 0000:0485 idle  PADD@
 0000:04B4 idle  PSUB@
 0000:027A       _abort
 0000:0295 idle  _atexit
 0000:0D90 idle  _cprintf
 0644:0C87       _directvideo
 0644:007F       _errno
 0000:031A       _exit
 0000:10B0 idle  _farfree
 0000:11C4 idle  _farmalloc
 0000:1328 idle  _farrealloc
 0000:1ABD       _fflush
 0000:1B8A       _flushall
 0000:1E09 idle  _fputc
 0000:1F9E idle  _fputchar
 0000:10B0       _free
 0000:1C4E       _fseek
 0000:1CCE idle  _ftell
 0000:14E2       _getch
 0000:14FE idle  _getche
 0000:036C       _getdate
 0000:1540       _gettext
 0000:037F       _gettime
 0644:0CE2 idle  _GlobalStartTime
 0000:052D       _isatty
 0000:15EC       _kbhit
 0000:1A5D       _longjmp
 0000:05E0       _lseek
 0251:000A       _main
 0000:11BA       _malloc
 0000:1DAE       _memcpy
 0644:00E2       _MessageBuffer
 0000:15FE       _movetext
 0272:001E       _OSCtxSw
 0644:212F idle  _OSCtxSwCtr
 0644:212B idle  _OSEventFreeList
 0644:2117 idle  _OSEventTbl
 02D4:081B idle  _OSFlagAccept
 02D4:094D idle  _OSFlagCreate
 02D4:09C5 idle  _OSFlagDel
 0644:20F0 idle  _OSFlagFreeList
 02D4:0B07 idle  _OSFlagPend
 02D4:0D61 idle  _OSFlagPost
 02D4:0F01 idle  _OSFlagQuery
 0644:20F4 idle  _OSFlagTbl
 0644:20E2 idle  _OSIdleCtr
 02D4:0009       _OSInit
 027F:0006       _OSInitHookBegin
 027F:0007       _OSInitHookEnd
 0272:0059       _OSIntCtxSw
 02D4:003C idle  _OSIntEnter
 02D4:004F       _OSIntExit
 0644:20EE idle  _OSIntExitY
 0644:20EF       _OSIntNesting
 0644:20ED idle  _OSLockNesting
 0644:08B4 idle  _OSMapTbl
 02D4:1191 idle  _OSMboxAccept
 02D4:11DC idle  _OSMboxCreate
 02D4:1251 idle  _OSMboxDel
 02D4:136F idle  _OSMboxPend
 02D4:1471 idle  _OSMboxPost
 02D4:14E9 idle  _OSMboxPostOpt
 02D4:158C idle  _OSMboxQuery
 02D4:161A idle  _OSMemCreate
 0644:19A6 idle  _OSMemFreeList
 02D4:1765 idle  _OSMemGet
 02D4:17E3 idle  _OSMemPut
 02D4:1853 idle  _OSMemQuery
 0644:1942 idle  _OSMemTbl
 02D4:19A0 idle  _OSMutexAccept
 02D4:1A2B idle  _OSMutexCreate
 02D4:1B11 idle  _OSMutexDel
 02D4:1C6B idle  _OSMutexPend
 02D4:1E56 idle  _OSMutexPost
 02D4:1FDE idle  _OSMutexQuery
 0644:20EC       _OSPrioCur
 0644:20EB       _OSPrioHighRdy
 02D4:2093 idle  _OSQAccept
 02D4:2133 idle  _OSQCreate
 02D4:2256 idle  _OSQDel
 02D4:23D3 idle  _OSQFlush
 0644:193E idle  _OSQFreeList
 02D4:242B idle  _OSQPend
 02D4:2571 idle  _OSQPost
 02D4:2639 idle  _OSQPostFront
 02D4:26FB idle  _OSQPostOpt
 02D4:2839 idle  _OSQQuery
 0644:190E idle  _OSQTbl
 0644:20EA idle  _OSRdyGrp
 0644:20E8 idle  _OSRdyTbl
 0644:20E7       _OSRunning
 02D4:010E idle  _OSSchedLock
 02D4:0124 idle  _OSSchedUnlock
 02D4:295E idle  _OSSemAccept
 02D4:2990       _OSSemCreate
 02D4:2A04 idle  _OSSemDel
 02D4:2B22 idle  _OSSemPend
 02D4:2BD2 idle  _OSSemPost
 02D4:2C2C idle  _OSSemQuery
 02D4:0151       _OSStart
 0272:0000       _OSStartHighRdy
 02D4:2CB2 idle  _OSTaskChangePrio
 02D4:2E7E       _OSTaskCreate
 02D4:2F62 idle  _OSTaskCreateExt
 027F:0008       _OSTaskCreateHook
 0644:20E6 idle  _OSTaskCtr
 02D4:3052 idle  _OSTaskDel
 027F:000D       _OSTaskDelHook
 02D4:3231 idle  _OSTaskDelReq
 027F:0012       _OSTaskIdleHook
 0644:1CE2 idle  _OSTaskIdleStk
 02D4:34AF idle  _OSTaskQuery
 02D4:329D idle  _OSTaskResume
 027F:0013 idle  _OSTaskStatHook
 02D4:331C idle  _OSTaskStkChk
 027F:0014       _OSTaskStkInit
 027F:00FA idle  _OSTaskStkInit_FPE_x86
 02D4:3401 idle  _OSTaskSuspend
 027F:01D5       _OSTaskSwHook
 0644:1CDE       _OSTCBCur
 0644:1CDA idle  _OSTCBFreeList
 0644:1CD6       _OSTCBHighRdy
 027F:01D6       _OSTCBInitHook
 0644:1CD2 idle  _OSTCBList
 0644:1C9E idle  _OSTCBPrioTbl
 0644:19AA idle  _OSTCBTbl
 0644:18EC       _OSTickDOSCtr
 0272:0086       _OSTickISR
 0644:190A idle  _OSTime
 02D4:351D       _OSTimeDly
 02D4:3564 idle  _OSTimeDlyHMSM
 02D4:3653 idle  _OSTimeDlyResume
 02D4:36CB       _OSTimeGet
 02D4:36EA idle  _OSTimeSet
 02D4:01DE       _OSTimeTick
 027F:01DB       _OSTimeTickHook
 0644:08BC idle  _OSUnMapTbl
 02D4:027A idle  _OSVersion
 02D4:027E idle  _OS_Dummy
 02D4:027F idle  _OS_EventTaskRdy
 02D4:0349 idle  _OS_EventTaskWait
 02D4:03B6 idle  _OS_EventTO
 02D4:040A idle  _OS_EventWaitListInit
 02D4:1023 idle  _OS_FlagInit
 02D4:10E2 idle  _OS_FlagUnlink
 02D4:18FC idle  _OS_MemInit
 02D4:290E idle  _OS_QInit
 02D4:05BD idle  _OS_Sched
 02D4:0663 idle  _OS_TaskIdle
 02D4:0688 idle  _OS_TCBInit
 029C:000C idle  _PC_DispChar
 029C:004A idle  _PC_DispClrCol
 029C:0090 idle  _PC_DispClrRow
 029C:00C9       _PC_DispClrScr
 029C:00FA idle  _PC_DispStr
 029C:0149       _PC_DOSReturn
 029C:015D       _PC_DOSSaveReturn
 029C:01CB idle  _PC_ElapsedInit
 029C:01DF idle  _PC_ElapsedStart
 029C:0205 idle  _PC_ElapsedStop
 029C:0256 idle  _PC_GetDateTime
 029C:02A9       _PC_GetKey
 029C:02D0       _PC_SetTickRate
 0644:18EE idle  _PC_TickISR
 029C:031D idle  _PC_VectGet
 029C:0354       _PC_VectSet
 0251:00C5 idle  _PeriodicTask
 0000:1DD2       _printf
 0000:169B       _putch
 0000:1596       _puttext
 0644:0CE6 idle  _RandomSem
 0000:1321 idle  _realloc
 0644:08B2       _RowCount
 0000:1A0B       _setblock
 0000:1A27       _setjmp
 0000:21B5       _setvbuf
 0000:2312       _sprintf
 0644:0CEA idle  _TaskData
 0644:0094 idle  _TaskSet1
 0644:009C idle  _TaskSet2
 0644:0CEC idle  _TaskStartStk
 0644:10EC idle  _TaskStk
 0000:1522 idle  _ungetch
 0000:2334 idle  _vsprintf
 0000:1A9B idle  _wherex
 0000:1AAA idle  _wherey
 0000:1000 idle  __AHINCR
 0000:000C idle  __AHSHIFT
 0644:09E8       __atexitcnt
 0644:2134       __atexittbl
 0000:1418       __brk
 0644:008B       __brklvl
 0644:006B idle  __C0argc
 0644:006D idle  __C0argv
 0000:0E72 idle  __c0crtinit
 0644:0071 idle  __C0environ
 0644:0CC5       __cChar
 0000:033B idle  __cexit
 0644:0CC4       __cFlag
 0000:016A       __checknull
 0000:0157       __cleanup
 0000:0C5E       __CPUTN
 0000:0E8F idle  __crtinit
 0000:0000  Abs  __cvtfak
 0000:0349 idle  __c_exit
 0644:0BB0 idle  __doserrno
 0000:051B idle  __DOSERROR
 0644:0BB2 idle  __dosErrorToSV
 0644:0075 idle  __envLng
 0644:0077 idle  __envseg
 0644:0079 idle  __envSize
 0000:0329       __exit
 0644:09EA       __exitbuf
 0644:09EE idle  __exitfopen
 0644:09F2 idle  __exitopen
 0000:1DED idle  __fputc
 0000:1FB2       __FPUTN
 0644:0087       __heapbase
 0644:008F       __heaptop
 0644:005B idle  __Int0Vector
 0644:005F idle  __Int4Vector
 0644:0063 idle  __Int5Vector
 0644:0067 idle  __Int6Vector
 0000:04E2       __IOERROR
 0000:053E       __LONGTOA
 0000:0293 idle  __MMODEL
 0644:0B86       __nfile
 0000:14FB idle  __Ngetche
 0000:151F idle  __Nungetch
 0644:0B88       __openfd
 0644:007D idle  __osmajor
 0644:007E idle  __osminor
 0644:007D idle  __osversion
 0644:007B       __psp
 0000:16B2       __REALCVT
 0644:0CCC       __RealCvtVector
 0000:01C0       __restorezero
 0000:1457       __sbrk
 0644:0CCE idle  __ScanTodVector
 0000:17EC       __SCREENIO
 0000:189F       __SCROLL
 0000:062A       __setupio
 0644:0081 idle  __StartTime
 0644:0C0C       __stklen
 0644:09F6       __streams
 0000:016B       __terminate
 0000:0000 idle  __turboCrt
 0000:05C0 idle  __UTOA
 0000:1828       __VALIDATEXY
 0644:007D idle  __version
 0644:0C78       __video
 0000:0DE7       __VideoInt
 0000:06FC       __VPRINTER
 0000:0BBF       __VPTR
 0000:0BE4       __VRAM
 0000:1A91       __wherexy
 0000:24A6       __write
 0644:0C76       __wscroll
 0000:24E2       __xfflush
 0644:0085 idle  ___brklvl
 0000:0F70 idle  ___first
 0000:0F72 idle  ___last
 0000:0F74 idle  ___rover
 0000:2355       ___write

  Address         Publics by Value

 0000:0000 idle  __turboCrt
 0000:0000  Abs  __cvtfak
 0000:000C idle  __AHSHIFT
 0000:0157       __cleanup
 0000:016A       __checknull
 0000:016B       __terminate
 0000:01C0       __restorezero
 0000:027A       _abort
 0000:0291 idle  DGROUP@
 0000:0293 idle  __MMODEL
 0000:0295 idle  _atexit
 0000:031A       _exit
 0000:0329       __exit
 0000:033B idle  __cexit
 0000:0349 idle  __c_exit
 0000:0355       F_LXMUL@
 0000:0355 idle  LXMUL@
 0000:036C       _getdate
 0000:037F       _gettime
 0000:0392 idle  N_LDIV@
 0000:0395 idle  LDIV@
 0000:0395 idle  F_LDIV@
 0000:0399 idle  N_LUDIV@
 0000:039C       F_LUDIV@
 0000:039C idle  LUDIV@
 0000:03A1 idle  N_LMOD@
 0000:03A4 idle  F_LMOD@
 0000:03A4 idle  LMOD@
 0000:03A9 idle  N_LUMOD@
 0000:03AC idle  LUMOD@
 0000:03AC idle  F_LUMOD@
 0000:0440       N_LXLSH@
 0000:0443       F_LXLSH@
 0000:0443 idle  LXLSH@
 0000:0461 idle  N_LXURSH@
 0000:0464       F_LXURSH@
 0000:0464 idle  LXURSH@
 0000:0482       N_PADD@
 0000:0485 idle  F_PADD@
 0000:0485 idle  PADD@
 0000:04B1 idle  N_PSUB@
 0000:04B4 idle  F_PSUB@
 0000:04B4 idle  PSUB@
 0000:04E2       __IOERROR
 0000:051B idle  __DOSERROR
 0000:052D       _isatty
 0000:053E       __LONGTOA
 0000:05C0 idle  __UTOA
 0000:05E0       _lseek
 0000:0609       N_PCMP@
 0000:062A       __setupio
 0000:06FC       __VPRINTER
 0000:0BBF       __VPTR
 0000:0BE4       __VRAM
 0000:0C5E       __CPUTN
 0000:0D90 idle  _cprintf
 0000:0DE7       __VideoInt
 0000:0E72 idle  __c0crtinit
 0000:0E8F idle  __crtinit
 0000:0F70 idle  ___first
 0000:0F72 idle  ___last
 0000:0F74 idle  ___rover
 0000:1000 idle  __AHINCR
 0000:10B0       _free
 0000:10B0 idle  _farfree
 0000:11BA       _malloc
 0000:11C4 idle  _farmalloc
 0000:1321 idle  _realloc
 0000:1328 idle  _farrealloc
 0000:1418       __brk
 0000:1457       __sbrk
 0000:14E2       _getch
 0000:14FB idle  __Ngetche
 0000:14FE idle  _getche
 0000:151F idle  __Nungetch
 0000:1522 idle  _ungetch
 0000:1540       _gettext
 0000:1596       _puttext
 0000:15EC       _kbhit
 0000:15FE       _movetext
 0000:169B       _putch
 0000:16B2       __REALCVT
 0000:17EC       __SCREENIO
 0000:1828       __VALIDATEXY
 0000:189F       __SCROLL
 0000:1A0B       _setblock
 0000:1A27       _setjmp
 0000:1A5D       _longjmp
 0000:1A91       __wherexy
 0000:1A9B idle  _wherex
 0000:1AAA idle  _wherey
 0000:1ABD       _fflush
 0000:1B8A       _flushall
 0000:1C4E       _fseek
 0000:1CCE idle  _ftell
 0000:1DAE       _memcpy
 0000:1DD2       _printf
 0000:1DED idle  __fputc
 0000:1E09 idle  _fputc
 0000:1F9E idle  _fputchar
 0000:1FB2       __FPUTN
 0000:21B5       _setvbuf
 0000:2312       _sprintf
 0000:2334 idle  _vsprintf
 0000:2355       ___write
 0000:24A6       __write
 0000:24E2       __xfflush
 0251:000A       _main
 0251:00C5 idle  _PeriodicTask
 0272:0000       _OSStartHighRdy
 0272:001E       _OSCtxSw
 0272:0059       _OSIntCtxSw
 0272:0086       _OSTickISR
 027F:0006       _OSInitHookBegin
 027F:0007       _OSInitHookEnd
 027F:0008       _OSTaskCreateHook
 027F:000D       _OSTaskDelHook
 027F:0012       _OSTaskIdleHook
 027F:0013 idle  _OSTaskStatHook
 027F:0014       _OSTaskStkInit
 027F:00FA idle  _OSTaskStkInit_FPE_x86
 027F:01D5       _OSTaskSwHook
 027F:01D6       _OSTCBInitHook
 027F:01DB       _OSTimeTickHook
 029C:000C idle  _PC_DispChar
 029C:004A idle  _PC_DispClrCol
 029C:0090 idle  _PC_DispClrRow
 029C:00C9       _PC_DispClrScr
 029C:00FA idle  _PC_DispStr
 029C:0149       _PC_DOSReturn
 029C:015D       _PC_DOSSaveReturn
 029C:01CB idle  _PC_ElapsedInit
 029C:01DF idle  _PC_ElapsedStart
 029C:0205 idle  _PC_ElapsedStop
 029C:0256 idle  _PC_GetDateTime
 029C:02A9       _PC_GetKey
 029C:02D0       _PC_SetTickRate
 029C:031D idle  _PC_VectGet
 029C:0354       _PC_VectSet
 02D4:0009       _OSInit
 02D4:003C idle  _OSIntEnter
 02D4:004F       _OSIntExit
 02D4:010E idle  _OSSchedLock
 02D4:0124 idle  _OSSchedUnlock
 02D4:0151       _OSStart
 02D4:01DE       _OSTimeTick
 02D4:027A idle  _OSVersion
 02D4:027E idle  _OS_Dummy
 02D4:027F idle  _OS_EventTaskRdy
 02D4:0349 idle  _OS_EventTaskWait
 02D4:03B6 idle  _OS_EventTO
 02D4:040A idle  _OS_EventWaitListInit
 02D4:05BD idle  _OS_Sched
 02D4:0663 idle  _OS_TaskIdle
 02D4:0688 idle  _OS_TCBInit
 02D4:081B idle  _OSFlagAccept
 02D4:094D idle  _OSFlagCreate
 02D4:09C5 idle  _OSFlagDel
 02D4:0B07 idle  _OSFlagPend
 02D4:0D61 idle  _OSFlagPost
 02D4:0F01 idle  _OSFlagQuery
 02D4:1023 idle  _OS_FlagInit
 02D4:10E2 idle  _OS_FlagUnlink
 02D4:1191 idle  _OSMboxAccept
 02D4:11DC idle  _OSMboxCreate
 02D4:1251 idle  _OSMboxDel
 02D4:136F idle  _OSMboxPend
 02D4:1471 idle  _OSMboxPost
 02D4:14E9 idle  _OSMboxPostOpt
 02D4:158C idle  _OSMboxQuery
 02D4:161A idle  _OSMemCreate
 02D4:1765 idle  _OSMemGet
 02D4:17E3 idle  _OSMemPut
 02D4:1853 idle  _OSMemQuery
 02D4:18FC idle  _OS_MemInit
 02D4:19A0 idle  _OSMutexAccept
 02D4:1A2B idle  _OSMutexCreate
 02D4:1B11 idle  _OSMutexDel
 02D4:1C6B idle  _OSMutexPend
 02D4:1E56 idle  _OSMutexPost
 02D4:1FDE idle  _OSMutexQuery
 02D4:2093 idle  _OSQAccept
 02D4:2133 idle  _OSQCreate
 02D4:2256 idle  _OSQDel
 02D4:23D3 idle  _OSQFlush
 02D4:242B idle  _OSQPend
 02D4:2571 idle  _OSQPost
 02D4:2639 idle  _OSQPostFront
 02D4:26FB idle  _OSQPostOpt
 02D4:2839 idle  _OSQQuery
 02D4:290E idle  _OS_QInit
 02D4:295E idle  _OSSemAccept
 02D4:2990       _OSSemCreate
 02D4:2A04 idle  _OSSemDel
 02D4:2B22 idle  _OSSemPend
 02D4:2BD2 idle  _OSSemPost
 02D4:2C2C idle  _OSSemQuery
 02D4:2CB2 idle  _OSTaskChangePrio
 02D4:2E7E       _OSTaskCreate
 02D4:2F62 idle  _OSTaskCreateExt
 02D4:3052 idle  _OSTaskDel
 02D4:3231 idle  _OSTaskDelReq
 02D4:329D idle  _OSTaskResume
 02D4:331C idle  _OSTaskStkChk
 02D4:3401 idle  _OSTaskSuspend
 02D4:34AF idle  _OSTaskQuery
 02D4:351D       _OSTimeDly
 02D4:3564 idle  _OSTimeDlyHMSM
 02D4:3653 idle  _OSTimeDlyResume
 02D4:36CB       _OSTimeGet
 02D4:36EA idle  _OSTimeSet
 0644:0000 idle  DATASEG@
 0644:005B idle  __Int0Vector
 0644:005F idle  __Int4Vector
 0644:0063 idle  __Int5Vector
 0644:0067 idle  __Int6Vector
 0644:006B idle  __C0argc
 0644:006D idle  __C0argv
 0644:0071 idle  __C0environ
 0644:0075 idle  __envLng
 0644:0077 idle  __envseg
 0644:0079 idle  __envSize
 0644:007B       __psp
 0644:007D idle  __osversion
 0644:007D idle  __osmajor
 0644:007D idle  __version
 0644:007E idle  __osminor
 0644:007F       _errno
 0644:0081 idle  __StartTime
 0644:0085 idle  ___brklvl
 0644:0087       __heapbase
 0644:008B       __brklvl
 0644:008F       __heaptop
 0644:0094 idle  _TaskSet1
 0644:009C idle  _TaskSet2
 0644:00E2       _MessageBuffer
 0644:08B2       _RowCount
 0644:08B4 idle  _OSMapTbl
 0644:08BC idle  _OSUnMapTbl
 0644:09E8       __atexitcnt
 0644:09EA       __exitbuf
 0644:09EE idle  __exitfopen
 0644:09F2 idle  __exitopen
 0644:09F6       __streams
 0644:0B86       __nfile
 0644:0B88       __openfd
 0644:0BB0 idle  __doserrno
 0644:0BB2 idle  __dosErrorToSV
 0644:0C0C       __stklen
 0644:0C76       __wscroll
 0644:0C78       __video
 0644:0C87       _directvideo
 0644:0CC4       __cFlag
 0644:0CC5       __cChar
 0644:0CCC       __RealCvtVector
 0644:0CCE idle  __ScanTodVector
 0644:0CE2 idle  _GlobalStartTime
 0644:0CE6 idle  _RandomSem
 0644:0CEA idle  _TaskData
 0644:0CEC idle  _TaskStartStk
 0644:10EC idle  _TaskStk
 0644:18EC       _OSTickDOSCtr
 0644:18EE idle  _PC_TickISR
 0644:190A idle  _OSTime
 0644:190E idle  _OSQTbl
 0644:193E idle  _OSQFreeList
 0644:1942 idle  _OSMemTbl
 0644:19A6 idle  _OSMemFreeList
 0644:19AA idle  _OSTCBTbl
 0644:1C9E idle  _OSTCBPrioTbl
 0644:1CD2 idle  _OSTCBList
 0644:1CD6       _OSTCBHighRdy
 0644:1CDA idle  _OSTCBFreeList
 0644:1CDE       _OSTCBCur
 0644:1CE2 idle  _OSTaskIdleStk
 0644:20E2 idle  _OSIdleCtr
 0644:20E6 idle  _OSTaskCtr
 0644:20E7       _OSRunning
 0644:20E8 idle  _OSRdyTbl
 0644:20EA idle  _OSRdyGrp
 0644:20EB       _OSPrioHighRdy
 0644:20EC       _OSPrioCur
 0644:20ED idle  _OSLockNesting
 0644:20EE idle  _OSIntExitY
 0644:20EF       _OSIntNesting
 0644:20F0 idle  _OSFlagFreeList
 0644:20F4 idle  _OSFlagTbl
 0644:2117 idle  _OSEventTbl
 0644:212B idle  _OSEventFreeList
 0644:212F idle  _OSCtxSwCtr
 0644:2134       __atexittbl

Program entry point at 0000:0000

